Device info:emulator
Build info:emulator 6.0.0.112(SP3DEVC00E112R4P11)
Fingerprint:e322c1565015f0795904d5da6475a10f71f002a4193c08921e7018005e6f664c
Timestamp:2026-01-03 17:18:23.334
Module name:com.zixiao.voot
Version:1.2.5
VersionCode:1002005
PreInstalled:No
Foreground:Yes
Pid:7742
Uid:20020057
Process Memory(kB): 433971(Rss)
Device Memory(kB): Total 4025340, Free 1234868, Available 2368536
Page switch history:
  17:18:21.298 :enters foreground
Reason:SyntaxError
Error name:SyntaxError
Error message:the requested module '@hms:ai.DocumentScanner' does not provide an export name 'DocumentScannerConfig' which imported by '&entry/src/main/ets/pages/ScanPage&'
Stacktrace:
Cannot get SourceMap info, dump raw stack:
    at ScanPage (entry|entry|1.1.4|src/main/ets/pages/ScanPage.ts:162:1)
    at anonymous (entry|entry|1.1.4|src/main/ets/pages/Index.ts:3608:1)
    at updateFunc (/usr1/hmos_for_system/src/increment/sourcecode/out/generic_generic_x86_64only/all_all_phone_standard_emulator/obj/foundation/arkui/ace_engine/frameworks/bridge/declarative_frontend/stateMgmt.js:8626:1)
    at observeComponentCreation2 (/usr1/hmos_for_system/src/increment/sourcecode/out/generic_generic_x86_64only/all_all_phone_standard_emulator/obj/foundation/arkui/ace_engine/frameworks/bridge/declarative_frontend/stateMgmt.js:8653:1)
    at anonymous (entry|entry|1.1.4|src/main/ets/pages/Index.ts:3606:26)

HiLog:
01-03 17:18:21.121  7742  7742 I C02c11/APPSPAWN: AppSpawnChild id 31 flags:0xc
01-03 17:18:21.121  7742  7742 I C02c02/PARAM: [param_request.c:326]ResetParamSecurityLabel Fd:17 
01-03 17:18:21.121  7742  7742 I C02d33/HitraceOption: FilterAppTrace com.zixiao.voot 7742
01-03 17:18:21.121  7742  7742 W C02c11/APPSPAWN: errno:2 bind mount /system/app/ArkWebCoreLegacy to /mnt/sandbox/100/com.zixiao.voot/system/app/ArkWebCoreLegacy
01-03 17:18:21.121  7742  7742 W C02c11/APPSPAWN: errno:2 bind mount /system/data to /mnt/sandbox/100/com.zixiao.voot/system/data
01-03 17:18:21.121  7742  7742 I C02c11/APPSPAWN: file /mnt/sandbox/100/com.zixiao.voot/data/service/el1/public/hosts_user/hosts already exist
01-03 17:18:21.121  7742  7742 W C02c11/APPSPAWN: errno:2 bind mount /system/etc/hosts to /mnt/sandbox/100/com.zixiao.voot/data/service/el1/public/hosts_user/hosts
01-03 17:18:21.121  7742  7742 W C02c11/APPSPAWN: errno:2 bind mount /vendor/lib to /mnt/sandbox/100/com.zixiao.voot/vendor/lib
01-03 17:18:21.121  7742  7742 W C02c11/APPSPAWN: errno:2 bind mount /vendor/etc/hiai to /mnt/sandbox/100/com.zixiao.voot/vendor/etc/hiai
01-03 17:18:21.121  7742  7742 W C02c11/APPSPAWN: errno:2 bind mount /data/data/hiai to /mnt/sandbox/100/com.zixiao.voot/data/data/hiai
01-03 17:18:21.121  7742  7742 W C02c11/APPSPAWN: errno:2 bind mount /data/app/el1/public/aot_compiler/ark_cache/com.zixiao.voot to /mnt/sandbox/100/com.zixiao.voot/data/storage/ark-cache
01-03 17:18:21.121  7742  7742 W C02c11/APPSPAWN: check dir /data/app/el1/public/aot_compiler/ark_cache/com.zixiao.voot failed,strerror:No such file or directory
01-03 17:18:21.121  7742  7742 W C02c11/APPSPAWN: errno:2 bind mount /data/service/el1/public/themes/100/a/app to /mnt/sandbox/100/com.zixiao.voot/data/themes/a/app
01-03 17:18:21.121  7742  7742 W C02c11/APPSPAWN: errno:2 bind mount /data/service/el1/public/themes/100/b/app to /mnt/sandbox/100/com.zixiao.voot/data/themes/b/app
01-03 17:18:21.121  7742  7742 W C02c11/APPSPAWN: errno:13 private mount to /mnt/sandbox/100/com.zixiao.voot/data/service/el0/public/for-all-app '524288' failed
01-03 17:18:21.121  7742  7742 W C02c11/APPSPAWN: errno:2 bind mount /chip_prod/etc/passthrough to /mnt/sandbox/100/com.zixiao.voot/chip_prod/etc/passthrough
01-03 17:18:21.121  7742  7742 W C02c11/APPSPAWN: errno:2 bind mount /vendor/etc/vulkan to /mnt/sandbox/100/com.zixiao.voot/vendor/etc/vulkan
01-03 17:18:21.121  7742  7742 W C02c11/APPSPAWN: errno:2 bind mount /mnt/hmdfs/100/cloud/data/com.zixiao.voot to /mnt/sandbox/100/com.zixiao.voot/data/storage/el2/cloud
01-03 17:18:21.121  7742  7742 W C02c11/APPSPAWN: errno:2 bind mount /vendor/etc/silk to /mnt/sandbox/100/com.zixiao.voot/vendor/etc/silk
01-03 17:18:21.122  7742  7742 W C02c11/APPSPAWN: errno:2 bind mount /system/asan/lib64 to /mnt/sandbox/100/com.zixiao.voot/system/asan/lib64
01-03 17:18:21.122  7742  7742 W C02c11/APPSPAWN: errno:2 bind mount /vendor/asan/lib64 to /mnt/sandbox/100/com.zixiao.voot/vendor/asan/lib64
01-03 17:18:21.122  7742  7742 W C02c11/APPSPAWN: errno:2 bind mount /chip_prod/lib64/passthrough to /mnt/sandbox/100/com.zixiao.voot/chip_prod/lib64/passthrough
01-03 17:18:21.122  7742  7742 W C02c11/APPSPAWN: errno:2 bind mount /data/app/el1/bundle/public/com.huawei.hmos.arkwebcorelegacy to /mnt/sandbox/100/com.zixiao.voot/data/storage/el1/bundle/arkwebcorelegacy
01-03 17:18:21.122  7742  7742 W C02c11/APPSPAWN: check dir /data/app/el1/bundle/public/com.huawei.hmos.arkwebcorelegacy failed,strerror:No such file or directory
01-03 17:18:21.122  7742  7742 W C02c11/APPSPAWN: errno:2 bind mount /system/app/ohos.global.systemres to /mnt/sandbox/100/com.zixiao.voot/data/global/systemResources
01-03 17:18:21.127  7742  7742 W C02c11/APPSPAWN: errno:2 bind mount /data/preload/app to /mnt/sandbox/100/com.zixiao.voot/data/preload/app
01-03 17:18:21.130  7742  7742 E C02c11/APPSPAWN: [sandbox_dec.c:179]open dec file fail.
01-03 17:18:21.132  7742  7742 I C05a05/SecCompEnhanceClient: [RegisterCheckCallback]Register secComp: sessionId=761776130, seqNum=******041.
01-03 17:18:21.136  7742  7742 I C02d0b/HICHECKER: hichecker param is empty.
01-03 17:18:21.136  7742  7742 I C04500/webview: SelectWebcoreBeforeProcessRun: SelectWebcoreBeforeProcessRun for app com.zixiao.voot.
01-03 17:18:21.136  7742  7742 I C04500/webview: CalculateActiveWebEngineVersion: CalculateActiveWebEngineVersion, enforce EVERGREEN
01-03 17:18:21.136  7742  7742 I C02c11/APPSPAWN: ClearEnvAndReturnSuccess 4
01-03 17:18:21.136  7742  7742 I C01317/AppKit: [MAINTHD3026]mainthread start, pid:7742
01-03 17:18:21.138  7742  7742 I C01719/ffrt: 2:QueueMonitor:46 timeout:30000000 us
01-03 17:18:21.139  7742  7742 I C01317/AppKit: [MAINTHD420]attach
01-03 17:18:21.151  7742  8031 I C01317/AppKit: [MAINTHD814]ScheduleLaunchAbility called, ability EntryAbility, type is 1.
01-03 17:18:21.153  7742  7742 I C03900/ACE_UIContent: [69]AceForwardCompatibility [com.zixiao.voot] force:1 newpipe:1
01-03 17:18:21.158  7742  8052 W C01719/ffrt: 3:operator():110 [-279237856] set priority warn ret[1] eno[0]
01-03 17:18:21.158  7742  7742 I C01317/AppKit: [MAINTHD1735]SmartGC: process is start. enable warm startup SmartGC: 0
01-03 17:18:21.158  7742  7742 I C03f00/ArkCompiler: [ecmascript] asmint: 1, aot: 0, jit: 1, baseline jit: 0, bundle name: com.zixiao.voot
01-03 17:18:21.163  7742  7742 I C03f00/ArkCompiler: [ecmascript] multi-thread check enabled: 0
01-03 17:18:21.163  7742  7742 I C03f00/ArkCompiler: [pgo] reset pgo profiler, pgo profiler is disabled
01-03 17:18:21.163  7742  7742 E C01707/CONCUR: [Interface] task 8053 apply qos failed, errno = 4
01-03 17:18:21.164  7742  7742 I C03301/LIBUV: init:544
01-03 17:18:21.164  7742  7742 I C03301/LIBUV: init:544, backend_fd:25
01-03 17:18:21.164  7742  7742 I C03301/LIBUV: open:544, pipefd[0]:28
01-03 17:18:21.166  7742  7742 I C03f00/ArkCompiler: [ecmascript] can not find aot file
01-03 17:18:21.166  7742  7742 I C03f00/ArkCompiler: [ecmascript] ModuleSnapshotInterface::Deserialize: /data/storage/system_optimize/ark_startup_cache/ is not exists
01-03 17:18:21.167  7742  7742 I C01e00/GLOBAL_I18N: RegisterIntl: Replace buildin Intl Success.
01-03 17:18:21.167  7742  7742 W C01321/JsRuntime: [CSM162]not Connected
01-03 17:18:21.167  7742  7742 I C03f00/ArkCompiler: [ecmascript] JSNApi::NotifyDebugMode, tid = 7742, debugApp = 0, isDebugMode = 0, instanceId = 0
01-03 17:18:21.175  7742  8051 I C01317/AppKit: [DRH395]File existed. dir: /data/storage/el2/base/cache/rawheap
01-03 17:18:21.176  7742  8051 I C01317/AppKit: [DRH375]success to AclSetAccess, path: /data/storage/el2/base/cache/rawheap
01-03 17:18:21.176  7742  8058 I C02c03/PARAM_WATCHER: [watcher_manager_kits.cpp:176]Add watcher keyPrefix persist.hdc.jdwp remoteWatcherId 53 success
01-03 17:18:21.178  7742  7742 W C01e00/ResourceManager: update userId, currentUserId_= 0, userId= 100
01-03 17:18:21.178  7742  7742 E C01e00/ResourceManager: LoadThemesRes failed, userId = 100, bundleName = com.zixiao.voot
01-03 17:18:21.181  7742  8060 W C01653/NativePreferences: LoadFromDisk: The settingXml /***/el1/***/i18*** load failed.
01-03 17:18:21.182  7742  7742 W C01317/AppKit: [MAINTHD4072]reason Error loading shared library /system/lib64/liblayered_parameters_manager.z.so: No such file or directoryn
01-03 17:18:21.183  7742  7742 W C01301/Ability: [resource_config_helper183]invalid source:
01-03 17:18:21.183  7742  7742 W C01301/Ability: [resource_config_helper183]invalid source:
01-03 17:18:21.183  7742  7742 I C01317/AppKit: [application_cleaner94]ClearTempData
01-03 17:18:21.192  7742  7742 I C01317/AppKit: [js_ability_stage189]AbilityStage::LoadModule
01-03 17:18:21.192  7742  7742 W C01317/AppKit: [js_ability_stage932]null stage
01-03 17:18:21.192  7742  7742 W C01317/AppKit: [js_ability_stage232]Not found AbilityStage.js
01-03 17:18:21.192  7742  7742 I C01332/UIAbility: [JUA348]called
01-03 17:18:21.193  7742  7742 I C03f00/ArkCompiler: [ecmascript] start to execute module buffer with secure memory: /data/storage/el1/bundle/entry/ets/entryability/EntryAbility.abc
01-03 17:18:21.193  7742  8055 W C03f00/ArkCompiler: [ecmascript] set label failed! level: s1, file: /data/storage/ark-profile/rt_entry.ap
01-03 17:18:21.193  7742  8055 I C03f00/ArkCompiler: [pgo] will save profiler to file /data/storage/ark-profile/rt_entry.ap
01-03 17:18:21.193  7742  7742 E C03f00/ArkCompiler: [common] Can not open xpm proc file, do not check secure memory anymore.
01-03 17:18:21.196  7742  7742 E C01707/CONCUR: [Interface] task 8055 apply qos failed, errno = 4
01-03 17:18:21.198  7742  7742 E C01707/CONCUR: [Interface] task 8056 apply qos failed, errno = 4
01-03 17:18:21.200  7742  7742 E C01707/CONCUR: [Interface] task 8054 apply qos failed, errno = 4
01-03 17:18:21.204  7742  7742 E C01707/CONCUR: [Interface] task 8055 apply qos failed, errno = 4
01-03 17:18:21.206  7742  7742 E C01707/CONCUR: [Interface] task 8056 apply qos failed, errno = 4
01-03 17:18:21.208  7742  7742 E C01707/CONCUR: [Interface] task 8054 apply qos failed, errno = 4
01-03 17:18:21.210  7742  7742 I C01301/js_form_binding_data: [JsFormBindingDataInit:86]end
01-03 17:18:21.211  7742  7742 I C01301/js_form_info: [FormInfoInit:234]call
01-03 17:18:21.211  7742  7742 I C01301/js_form_info: [FormInfoInit:248]end
01-03 17:18:21.212  7742  7742 I C04110/DHDM: [devicemanagerkit_js][RegisterModule]:RegisterModule() is called!
01-03 17:18:21.212  7742  7742 I C04110/DHDM: [devicemanagerkit_js][Export]:Export() is called!
01-03 17:18:21.212  7742  7742 I C04110/DHDM: [devicemanagerkit_js][Init]:DeviceManagerNapi::Init() is called!
01-03 17:18:21.212  7742  7742 I C04110/DHDM: [devicemanagerkit_js][Init]:All props and functions are configured..
01-03 17:18:21.216  7742  7742 E C01707/CONCUR: [Interface] task 8055 apply qos failed, errno = 4
01-03 17:18:21.218  7742  7742 E C01707/CONCUR: [Interface] task 8056 apply qos failed, errno = 4
01-03 17:18:21.220  7742  7742 E C01707/CONCUR: [Interface] task 8054 apply qos failed, errno = 4
01-03 17:18:21.222  7742  7742 E C01707/CONCUR: [Interface] task 8055 apply qos failed, errno = 4
01-03 17:18:21.224  7742  7742 E C01707/CONCUR: [Interface] task 8056 apply qos failed, errno = 4
01-03 17:18:21.226  7742  7742 E C01707/CONCUR: [Interface] task 8054 apply qos failed, errno = 4
01-03 17:18:21.227  7742  7742 I C01320/JsEnv: [js_environment290]timing: 34
01-03 17:18:21.227  7742  7742 I C01320/JSENV: Callee constructor is OK string
01-03 17:18:21.227  7742  7742 I C01320/JSENV: Ability::constructor callee is object [object Object]
01-03 17:18:21.228  7742  7742 I C01332/UIAbility: [JUA393]End
01-03 17:18:21.228  7742  7742 I C01332/UIAbility: [ui_ability_thread169]Lifecycle:Attach
01-03 17:18:21.239  7742  7742 I C01317/AppKit: [MAINTHD2670]called
01-03 17:18:21.239  7742  7742 I C03f00/ArkCompiler: [gc] app is not inBackground
01-03 17:18:21.242  7742  7742 E C01707/CONCUR: [Interface] task 8055 apply qos failed, errno = 4
01-03 17:18:21.244  7742  7742 E C01707/CONCUR: [Interface] task 8056 apply qos failed, errno = 4
01-03 17:18:21.246  7742  7742 E C01707/CONCUR: [Interface] task 8054 apply qos failed, errno = 4
01-03 17:18:21.247  7742  8030 I C01332/UIAbility: [ui_ability_thread317]name:EntryAbility,targeState:5,isNewWant:0
01-03 17:18:21.247  7742  7742 I C01332/UIAbility: [ui_ability_thread236]Lifecycle:name EntryAbility
01-03 17:18:21.247  7742  7742 I C04201/DMS: AddDisplayIdFromAms: abilityToken and display[0] has been added.
01-03 17:18:21.248  7742  7742 I C01332/UIAbility: [JUA1853]JsUIAbility call js, name: onCreate
01-03 17:18:21.248  7742  7742 I A03d00/JSAPP: [EntryAbility] onCreate, launchReason: 1
01-03 17:18:21.249  7742  7742 I C01350/WantAgent: [napi_want_agent1304]on get wantAgent
01-03 17:18:21.249  7742  7742 I C01320/JSENV: Callee on method [togglePip]
01-03 17:18:21.249  7742  7742 I C01320/JSENV: Callee on method [toggleRealtimeReading]
01-03 17:18:21.249  7742  7742 I C01332/UIAbility: [JUA1898]end, name: onCreate, time: 1
01-03 17:18:21.249  7742  7742 E C01332/UIAbility: [ui_ability_impl305]hasSaveData_: false
01-03 17:18:21.250  7742  7742 W C01332/UIAbility: [JUA1088]formatRegex: []
01-03 17:18:21.251  7742  7742 I C04202/WMSMain: Init: WindowScene with window session!
01-03 17:18:21.251  7742  7742 I C04202/WMSMain: Init: set isModuleAbilityHookEnd
01-03 17:18:21.251  7742  7742 I C04204/WMSScb: RS multi-instance enabled: 1, deviceType phone
01-03 17:18:21.251  7742  7742 I C01406/OHOS::RS: multi-instance, create RSUIContextManager, isMultiInstanceOpen_ 1
01-03 17:18:21.251  7742  7742 I C04204/WMSScb: InitRSUIDirector: Create RSUIDirector: RSUIDirector's RSUIContext [token: 33251636805633, tid: 7742], rsUIContext: RSUIContext is null
01-03 17:18:21.261  7742  7742 I C01406/OHOS::RS: RSLogManager init log flag: 0x0(0)
01-03 17:18:21.261  7742  7742 I C01406/OHOS::RS: RSFrameRateLinker::Create id: 33251636805632
01-03 17:18:21.261  7742  7742 I C04202/WMSMain: VsyncStation: id 33251636805634 created
01-03 17:18:21.261  7742  7742 I C04200/WindowSceneSessionImpl: WindowSceneSessionImpl: [WMSCom] Constructor voot0
01-03 17:18:21.261  7742  7742 E C04200/WMS: SetWindowType: permission denied!
01-03 17:18:21.261  7742  7742 I C0420a/WMSLife: Create: Window Create name:voot0, state:0, mode:0
01-03 17:18:21.277  7742  7742 I C0420a/WMSLife: Create: SetIsAbilityHookOff 0
01-03 17:18:21.277  7742  7742 W C0420a/WMSLife: IsWindowSessionInvalid: already destroyed or not created! id: 0 state_: 0
01-03 17:18:21.277  7742  7742 W C04200/WindowSceneSessionImpl: AdjustWindowAnimationFlag: session invalid!
01-03 17:18:21.277  7742  7742 I C04200/WindowSceneSessionImpl: Remove window flag WINDOW_FLAG_SHOW_WHEN_LOCKED
01-03 17:18:21.277  7742  7742 I C0420a/WMSLife: Connect: in
01-03 17:18:21.278  7742  8030 I C04208/WMSLayout: NotifyAppHookWindowInfoUpdated: in
01-03 17:18:21.279  7742  8030 I C04208/WMSLayout: SetAppHookWindowInfo: Id:0, preHookWindowInfo:[enableHookWindow: false, widthHookRatio: 1.000000], newHookWindowInfo:[enableHookWindow: false, widthHookRatio: 1.000000]
01-03 17:18:21.279  7742  8030 I C0421d/WMSRotation: SetCurrentRotation: currentRotation: 0
01-03 17:18:21.279  7742  8030 I C04208/WMSLayout: UpdateRect: id:0 name:voot0 rect:[0 0 0 0]->[0 0 2240 2440] reason:23 displayId:0
01-03 17:18:21.279  7742  8030 W C04208/WMSLayout: NotifySingleHandTransformChange: id:0, uiContent is nullptr
01-03 17:18:21.280  7742  7742 I C04208/WMSLayout: Connect: updateRect when connect.preRect:[0,0,2240,2440]rect:[0,0,2240,2440]
01-03 17:18:21.280  7742  7742 I C0420a/WMSLife: Connect: Window Connect [name:voot0, id:55, type:1], ret:0
01-03 17:18:21.280  7742  7742 I C04208/WMSLayout: NotifyWindowStatusChange: id:55, windowMode:1, windowStatus:1, lastWindowStatus:0, skipRedundantWindowStatusNotifications:0
01-03 17:18:21.280  7742  7742 I C04208/WMSLayout: SetConfigWindowLimitsVP: id:55, windowLimits:[0 0 0 0 0.000000 0.000000 1.000000]
01-03 17:18:21.280  7742  7742 I C04208/WMSLayout: GetSystemSizeLimits: min[1000,750] max[6000,6000] configMax:1920 vpr:3.125000
01-03 17:18:21.281  7742  7742 I C0421a/WMSLayoutPc: GetSupportedWindowModesConfiguration: winId: 55, windowModeSupportType: 15
01-03 17:18:21.281  7742  7742 I C0420f/WMSRecover: RegisterSessionRecoverCallbackFunc: persistentId=55
01-03 17:18:21.281  7742  7742 I C04209/WMSImms: UpdateDefaultStatusBarColor: win 55 type 1 hasDarkRes 0 colorMode light
01-03 17:18:21.281  7742  7742 I C04209/WMSImms: SetSpecificBarProperty: win [55 voot0] type 2108 1 ffffff ff000000 0 4
01-03 17:18:21.281  7742  7742 I C04200/WMS: IsMainHandlerAvailable: id:55, isAvailable:1
01-03 17:18:21.281  7742  7742 I C04200/WMS: IsMainHandlerAvailable: id:55, isAvailable:1
01-03 17:18:21.282  7742  7742 I C02800/InputManagerImpl: [][SetWindowInputEventConsumer:364] enter
01-03 17:18:21.283  7742  7742 I C02800/MMIClient: [][OnConnected:267] Connection to server succeeded, fd:39
01-03 17:18:21.283  7742  7742 I C02800/MMIClient: [][AddFdListener:166] Server was listening
01-03 17:18:21.283  7742  7742 I C02800/MMIClient: [][StartEventRunner:127] reuse current event handler, thread name:
01-03 17:18:21.283  7742  7742 I C02800/MMIClient: [][StartEventRunner:130] File fd is in listening
01-03 17:18:21.283  7742  7742 I C02800/InputManagerImpl: [][SetWindowInputEventConsumer] leave
01-03 17:18:21.283  7742  7742 I C0420c/WMSEvent: AddInputWindow: SetWindowInputEventConsumer success, wid:55
01-03 17:18:21.283  7742  7742 I C0420c/WMSEvent: LoadGameController: in
01-03 17:18:21.284  7742  7742 I C04732/GameController: [(RegisterEntryModule:24)]begin load gamecontroller_event
01-03 17:18:21.284  7742  7742 I C04732/GameController: [(StartInputToTouch:55)]Begin StartInputToTouch
01-03 17:18:21.284  7742  7742 I C0420c/WMSEvent: LoadGameController: dlopen GameController success
01-03 17:18:21.284  7742  7742 I C04217/WMSAttribute: ConnectServer: start connect
01-03 17:18:21.285  7742  7742 W C04217/WMSAttribute: ConnectServer: noload fail: libark_connect_inspector.z.so
01-03 17:18:21.285  7742  7742 I C04217/WMSAttribute: ConnectServer: end connect
01-03 17:18:21.285  7742  7742 W C04217/WMSAttribute: RegisterGetWMSWindowListCallback: callback has registered
01-03 17:18:21.285  7742  7742 I C04217/WMSAttribute: RegisterGetWMSWindowListCallback: winId: 55
01-03 17:18:21.285  7742  7742 I C04217/WMSAttribute: UpdateColorMode: winId: 55, colorMode: light
01-03 17:18:21.285  7742  7742 I C04217/WMSAttribute: UpdateColorMode: winId: 55, colorMode: light, hasDarkRes: 0
01-03 17:18:21.285  7742  8067 I C04732/GameController: [(GetSelfBundleName:49)]The current bundleName [com.zixiao.voot]. version [1.2.5]
01-03 17:18:21.285  7742  7742 I C0421c/WMSCompat: SetPcAppInpadSpecificSystemBarInvisible: isPcAppInpadSpecificSystemBarInvisible: 0
01-03 17:18:21.285  7742  7742 I C0421c/WMSCompat: SetPcAppInpadOrientationLandscape: isPcAppInpadOrientationLandscape: 0
01-03 17:18:21.285  7742  8067 I C04732/GameController: [(IsCommonApp:87)]The [com.zixiao.voot] is a common app.
01-03 17:18:21.285  7742  7742 E C04200/WMS: singleton_container.cpp GetSingleton: cant get OHOS::Rosen::WindowInfoReporter
01-03 17:18:21.285  7742  8067 W C04732/GameController: [(ReadJsonFromFile:200)]realpath failed for [/data/service/el1/public/for-all-app/gamecontroller_server/game_support_key_mapping.json]
01-03 17:18:21.285  7742  8067 I C04732/GameController: [(DoAsyncTask:69)]The app does not support input-to-touch feature.
01-03 17:18:21.286  7742  7742 I C01332/UIAbility: [JUA1853]JsUIAbility call js, name: onWindowStageCreate
01-03 17:18:21.286  7742  7742 I A03d00/JSAPP: [EntryAbility] onWindowStageCreate
01-03 17:18:21.286  7742  7742 I C01653/PreferencesJsKit: GetContextMode: set gContextNode: 1, status: 0,
01-03 17:18:21.286  7742  7742 I C01332/UIAbility: [JUA1898]end, name: onWindowStageCreate, time: 1
01-03 17:18:21.286  7742  7742 I C01332/UIAbility: [JUA1853]JsUIAbility call js, name: onWillForeground
01-03 17:18:21.286  7742  7742 I C01332/UIAbility: [JUA1898]end, name: onWillForeground, time: 0
01-03 17:18:21.286  7742  7742 I C04202/WMSMain: GoForeground: reason: 4
01-03 17:18:21.286  7742  7742 I C0420a/WMSLife: Show: Window show [name: voot0, id: 55, type: 1], reason: 4, state:1, requestState:1
01-03 17:18:21.287  7742  8060 I C01653/NativePreferences: XmlReadFile: file:/***/el2/***/voot***ding, m:0.
01-03 17:18:21.287  7742  7742 I C04208/WMSLayout: GetSystemSizeLimits: min[1000,750] max[6000,6000] configMax:1920 vpr:3.125000
01-03 17:18:21.287  7742  7742 I C04208/WMSLayout: UpdateNewSize: fullscreen or compatible mode could not update new size, Id: 55
01-03 17:18:21.287  7742  7742 I C04217/WMSAttribute: IsSystemDensityChanged: windowId: 55, lastDensity: -1.000000, currDensity: 3.125000
01-03 17:18:21.287  7742  7742 W C04200/WindowSessionImpl: UpdateViewportConfig: uiContent is null!
01-03 17:18:21.288  7742  7742 I C01332/UIAbility: [ui_ability_impl430]wnd call, AfterForeground
01-03 17:18:21.288  7742  7742 W C0420a/WMSLife: GetAttachStateSyncResult: lifecycleCallback is null
01-03 17:18:21.288  7742  7742 I C01406/OHOS::RS: RSFrameRateLinker::Create id: 33251636805633
01-03 17:18:21.293  7742  8065 I C04207/WMSFocus: UpdateFocus: focus: 1, id: 55
01-03 17:18:21.295  7742  8050 I C04207/WMSFocus: NotifyHighlightChange: windowId: 55, isHighlight: 1,
01-03 17:18:21.295  7742  8031 W C04208/WMSLayout: NotifySingleHandTransformChange: id:55, uiContent is nullptr
01-03 17:18:21.297  7742  7742 I C01706/rtg_interface: rtg fOpen fail, errno = 2(No such file or directory)
01-03 17:18:21.297  7742  7742 I C01706/RsFrameReportExt: RsFrameReportExt:[LoadLibrary] load library success!
01-03 17:18:21.297  7742  7742 I C01706/RsFrameReportExt: RsFrameReportExt:[Init] dlopen libframe_ui_intf.so success!
01-03 17:18:21.297  7742  7742 E C01706/ueaClient-RmeCoreSched: [Init]: do not enabled!ret: -1
01-03 17:18:21.297  7742  7742 I C01706/ueaClient-FrameMsgMgr: [Init]:inited success!
01-03 17:18:21.297  7742  7742 I C01706/ueaClient-FrameUiIntf: [Init]:ret:1, inited:1
01-03 17:18:21.297  7742  7742 I C04217/WMSAttribute: InitWaterfallMode: winId: 55
01-03 17:18:21.297  7742  7742 I C04217/WMSAttribute: NotifyWaterfallModeChange: winId: 55, waterfall: 0, stat: 2
01-03 17:18:21.297  7742  7742 I C0420a/WMSLife: NotifyAfterDidForeground: reason: 4
01-03 17:18:21.297  7742  7742 I C04202/WMSMain: NotifyFreeMultiWindowModeResume: IsPcMode 0, isColdStart 1
01-03 17:18:21.297  7742  7742 I C0420a/WMSLife: Show: Window show success [name:voot0, id:55, type:1]
01-03 17:18:21.297  7742  7742 I C04208/WMSLayout: NotifyWindowStatusChange: id:55, windowMode:1, windowStatus:1, lastWindowStatus:1, skipRedundantWindowStatusNotifications:0
01-03 17:18:21.297  7742  7742 I C04208/WMSLayout: NotifyWindowStatusDidChange: Id:55, WindowMode:1, windowStatus:1, lastWindowStatus:0, listenerSize:0, rect:[0 0 2240 2440]
01-03 17:18:21.297  7742  7742 W C04201/DMS: OnDisplayInfoChange: data is not changed.
01-03 17:18:21.298  7742  7742 I C01332/UIAbility: [JUA1853]JsUIAbility call js, name: onForeground
01-03 17:18:21.298  7742  7742 I A03d00/JSAPP: [EntryAbility] onForeground
01-03 17:18:21.298  7742  7742 I C01332/UIAbility: [JUA1898]end, name: onForeground, time: 1
01-03 17:18:21.298  7742  8060 W C01653/NativePreferences: LoadFromDisk: The settingXml /***/el2/***/voot***sage load failed.
01-03 17:18:21.300  7742  7742 I C0420a/WMSLife: NotifyAfterDidForeground execute
01-03 17:18:21.300  7742  7742 I C01332/UIAbility: [JUA1853]JsUIAbility call js, name: onDidForeground
01-03 17:18:21.300  7742  7742 I C01332/UIAbility: [JUA1898]end, name: onDidForeground, time: 0
01-03 17:18:21.300  7742  7742 I C04202/WMSMain: GoResume: in
01-03 17:18:21.300  7742  7742 I C0420a/WMSLife: Resume: in, isColdStart: 1, isDidForeground: 0
01-03 17:18:21.300  7742  7742 I C0420a/WMSLife: NotifyAfterLifecycleResumed: in
01-03 17:18:21.300  7742  7742 E C0420a/WMSLife: NotifyUIExtHostWindowRectChangeListeners: uiContent is null
01-03 17:18:21.300  7742  7742 I C04209/WMSImms: NotifyAvoidAreaChange: win 55 api 21 type 0 area top [0 0 2240 121] 
01-03 17:18:21.300  7742  7742 I C04209/WMSImms: NotifyAvoidAreaChange: win 55 api 21 type 1 area top [2109 28 69 69] 
01-03 17:18:21.300  7742  7742 I C04209/WMSImms: NotifyAvoidAreaChange: win 55 api 21 type 2 area empty
01-03 17:18:21.300  7742  7742 I C04209/WMSImms: NotifyAvoidAreaChange: win 55 api 21 type 3 area empty
01-03 17:18:21.300  7742  7742 I C04209/WMSImms: NotifyAvoidAreaChange: win 55 api 21 type 4 area bottom [728 2353 784 87] 
01-03 17:18:21.300  7742  7742 W C04200/WindowSessionImpl: UpdateViewportConfig: uiContent is null!
01-03 17:18:21.301  7742  7742 I A03d00/JSAPP: [EntryAbility] loadInitialPage: isFirstLaunch=false, target=pages/Index
01-03 17:18:21.301  7742  7742 I C04200/JsWindowStage: LoadContent: [NAPI]
01-03 17:18:21.301  7742  7742 I C0420a/WMSLife: SetUIContentInner: pages/Index, state:2, persistentId: 55
01-03 17:18:21.301  7742  7742 I C0420a/WMSLife: SetUIContentComplete: persistentId=55
01-03 17:18:21.301  7742  7742 I C03900/Ace: [(-1:-1:undefined)] CreateUIContent.
01-03 17:18:21.301  7742  7742 I C03934/AceUIEvent: [(-1:-1:undefined)] report ace loaded
01-03 17:18:21.301  7742  7742 I C04707/HaAceEngine: OnAceLoaded end
01-03 17:18:21.302  7742  7742 W C0391f/AceImage: [(-2:-1:undefined)] mkdir cache file path failed.
01-03 17:18:21.302  7742  7742 I C03900/Ace: [(-2:-1:undefined)] Create ace bg threads pool.
01-03 17:18:21.302  7742  7742 I C03900/Ace: [(-2:-1:undefined)] Init RenderService UniRender Type:0
01-03 17:18:21.302  7742  7742 I C03900/Ace: [(-2:-1:undefined)] [com.zixiao.voot][entry][-1]: UIContent: apiCompatibleVersion: 60001021, apiTargetVersion: 60001021, and apiReleaseType: Release, useNewPipe: 1
01-03 17:18:21.302  7742  8051 W C04707/HaClient: =========Invalid Client=========
01-03 17:18:21.302  7742  8060 W C01653/NativePreferences: LoadFromDisk: The settingXml /***/el2/***/voo***rms load failed.
01-03 17:18:21.303  7742  7742 I C02c03/PARAM_WATCHER: [watcher_manager_kits.cpp:176]Add watcher keyPrefix persist.sys.arkui.animationscale remoteWatcherId 53 success
01-03 17:18:21.303  7742  7742 E C03900/Ace: [(-2:-1:undefined)] ConfigXMLParserBase read system file failed
01-03 17:18:21.303  7742  7742 W C03900/Ace: [(-2:-1:undefined)] ArkUiFeatureParamManager failed to load xml file
01-03 17:18:21.303  7742  7742 I C03900/Ace: [(-2:-1:undefined)] SetLocale language tag: zh-CN, select language: zh-CN
01-03 17:18:21.303  7742  7742 I C03900/Ace: [(-2:-1:undefined)] [com.zixiao.voot][entry][-1]: SetLanguage: zh, colorMode: light, deviceAccess: 1
01-03 17:18:21.303  7742  7742 I C03900/Ace: [(-2:-1:undefined)] [com.zixiao.voot][entry][-1]: Initialize UIContent isModelJson:true
01-03 17:18:21.304  7742  7742 I C03900/Ace: [(100000:100000:scope)] SetHapPath, Use hap path to load resource
01-03 17:18:21.304  7742  7742 I C04217/WMSAttribute: RegisterWaterfallModeChangeListener: winId: 55
01-03 17:18:21.305  7742  7742 I C04200/WMS: GetSurfaceNode: name:voot0, id:55
01-03 17:18:21.305  7742  7742 I C04200/WMS: GetSurfaceNode: name:voot0, id:55
01-03 17:18:21.305  7742  7742 I C03900/Ace: [(100000:100000:scope)] SetRSSurfaceNode 33251636805634 with rs multi
01-03 17:18:21.307  7742  8070 I C01711/CONTINUOUS_TASK: [StartBackgroundRunningExecuteCB:288] notification 2, continuousTaskId 3
01-03 17:18:21.308  7742  7742 W C03900/Ace: [(100000:100000:scope)] Invalid config:zh_CN-long-notround-vertical-light-phone-xxhdpi
01-03 17:18:21.309  7742  7742 I C01406/OHOS::RS: RSSurfaceNode::SetAbilityState, surfaceNodeId:[33251636805634], ability state: background
01-03 17:18:21.309  7742  7742 I C03900/Ace: [(100000:100000:scope)] set translateManager to pipeline, instanceId:100000
01-03 17:18:21.309  7742  7742 I C0421d/WMSRotation: RegisterOrientationChangeListener: in
01-03 17:18:21.309  7742  7742 I C03900/Ace: [(100000:100000:scope)] AddPersistAfterLayoutTask size: 1
01-03 17:18:21.309  7742  7742 I C03919/AceInputTracking: [(100000:100000:scope)] Debug touch pass mode 0
01-03 17:18:21.310  7742  7742 E C03934/AceUIEvent: [(100000:100000:scope)] AceTransform load failed: Error loading shared library /system/lib64/libtransform_interaction_ext.z.so: No such file or directory
01-03 17:18:21.310  7742  7742 I C03937/AceResource: [(100000:100000:scope)] ResourceAdapter UpdateResConfig with colorMode light
01-03 17:18:21.310  7742  7742 W C03900/Ace: [(100000:100000:scope)] not found systemTheme in HapModuleInfo, loading default OHOS_THEME
01-03 17:18:21.310  7742  7742 I C03900/Ace: [(100000:100000:scope)] Cannot Get File List from resources/styles/
01-03 17:18:21.310  7742  7742 W C03900/Ace: [(100000:100000:scope)] GetAsset failed: resources/styles/default.json
01-03 17:18:21.318  7742  7742 I C03900/Ace: [(100000:100000:scope)] root node OnAttachToFrameNode, id:0
01-03 17:18:21.318  7742  7742 I C03900/Ace: [(100000:100000:scope)] Rosenwindow set root, rsId:33251636805635
01-03 17:18:21.318  7742  7742 I C02220/IntentionClient: in Connect, enter
01-03 17:18:21.319  7742  7742 I C02220/IntentionClient: in Connect, Connecting IntentionService success
01-03 17:18:21.319  7742  7742 I C02220/IntentionClient: in Connect, leave
01-03 17:18:21.320  7742  7742 E C01d02/accessibility_asacfwk: [(AccessibilitySystemAbilityClientImpl:57)]accessibility service is ready.
01-03 17:18:21.321  7742  7742 I C02c03/PARAM_WATCHER: [watcher_manager_kits.cpp:176]Add watcher keyPrefix accessibility.config.ready remoteWatcherId 53 success
01-03 17:18:21.321  7742  7742 I C03900/Ace: [(100000:100000:scope)] focusWindowId: 0, realHostWindowId: 0
01-03 17:18:21.321  7742  7742 I C03900/Ace: [(100000:100000:scope)] [com.zixiao.voot][entry][100000]: window focus
01-03 17:18:21.322  7742  7742 I C02c03/PARAM_WATCHER: [watcher_manager_kits.cpp:176]Add watcher keyPrefix debug.graphic.frame remoteWatcherId 53 success
01-03 17:18:21.322  7742  7742 E C01719/ffrt: 4:Load:62 load so[lib_cpuboost.so] fail
01-03 17:18:21.322  7742  7742 E C03900/Ace: [(100000:100000:scope)] ERROR EACCES
01-03 17:18:21.322  7742  7742 E C03900/Ace: [(100000:100000:scope)] ERROR EACCES
01-03 17:18:21.322  7742  7742 I C03900/Ace: [(100000:100000:scope)] ArkUIInvisibleFreeze: 0
01-03 17:18:21.322  7742  7742 I C03900/Ace: [(100000:100000:scope)] [com.zixiao.voot][entry][100000]: SetMinPlatformVersion is 60001021
01-03 17:18:21.322  7742  7742 I C04209/WMSImms: RegisterAvoidAreaChangeListener: win 55
01-03 17:18:21.323  7742  7742 E C04201/IMockSessionManager: Read result failed, code is: 3.
01-03 17:18:21.323  7742  7742 E C04201/IMockSessionManager: Read result failed, code is: 5.
01-03 17:18:21.324  7742  8076 I C04208/WMSLayout: UpdateRect: id:55 name:voot0 rect:[0 0 2240 2440]->[0 0 2240 2440] reason:23 displayId:0
01-03 17:18:21.325  7742  7742 I C04209/WMSImms: GetAvoidAreaByType: win [55 voot0] type 0 times 1 area top [0 0 2240 121] 
01-03 17:18:21.326  7742  7742 I C04209/WMSImms: GetAvoidAreaByType: win [55 voot0] type 1 times 2 area top [2109 28 69 69] 
01-03 17:18:21.326  7742  7742 I C04209/WMSImms: GetAvoidAreaByType: win [55 voot0] type 4 times 3 area bottom [728 2353 784 87] 
01-03 17:18:21.326  7742  7742 I C03917/AceSafeArea: [(100000:100000:scope)] InitializeSafeArea systemInsets:SafeAreaInsets left_: [start: 0, end: 0], top_: [start: 0, end: 121], right_: [start: 0, end: 0], bottom_: [start: 0, end: 0], cutoutInsets:SafeAreaInsets left_: [start: 0, end: 0], top_: [start: 28, end: 97], right_: [start: 0, end: 0], bottom_: [start: 0, end: 0], navInsets:SafeAreaInsets left_: [start: 0, end: 0], top_: [start: 0, end: 0], right_: [start: 0, end: 0], bottom_: [start: 2353, end: 2440]
01-03 17:18:21.326  7742  7742 I C0394e/AceWindow: [(100000:100000:scope)] Initialize displayId: 0, availableRect: [0, 0, 2240, 2440]
01-03 17:18:21.326  7742  7742 I C03900/Ace: [(100000:100000:scope)] Failed to open libthp_extra_innerapi.z.so, reason: Error loading shared library /system/lib64/libthp_extra_innerapi.z.so: No such file or directory
01-03 17:18:21.326  7742  7742 I C03900/Ace: [(-2:100000:singleton)] [com.zixiao.voot][entry][100000]: Initialize: pages/Index
01-03 17:18:21.326  7742  7742 I C03900/Ace: [(100000:100000:scope)] RunPage:pages/Index
01-03 17:18:21.326  7742  7742 W C03900/Ace: [(100000:100000:scope)] GetAsset failed: manifest.json
01-03 17:18:21.326  7742  7742 I C04200/WMS: InitUIContent: [0, 0]
01-03 17:18:21.326  7742  7742 I C04208/WMSLayout: SetUIContentInner: single hand, id:55, posX:0, posY:0, scaleX:1.000000, scaleY:1.000000
01-03 17:18:21.327  7742  8081 I C03951/InputKeyFlow: [(-1:100000:singleton)] Subscribe touch.events.pass.through Event
01-03 17:18:21.327  7742  7742 I C04219/WMSDecor: UpdateDecorEnable: decorVisible:1, id: 55
01-03 17:18:21.327  7742  7742 I C03900/Ace: [(-2:100000:singleton)] [com.zixiao.voot][entry][100000]: UpdateWindowVisible: 1, hasDecor: 0
01-03 17:18:21.327  7742  7742 I C03900/Ace: [(-2:100000:singleton)] [com.zixiao.voot][entry][100000]: NotifyWindowMode mode = 1
01-03 17:18:21.327  7742  7742 I C03900/Ace: [(-2:100000:singleton)] [com.zixiao.voot][entry][100000]: window foreground
01-03 17:18:21.327  7742  7742 I C03900/Ace: [(100000:100000:scope)] Update application state , state: ON_SHOW
01-03 17:18:21.327  7742  7742 I C01406/OHOS::RS: RSSurfaceNode::SetAbilityState, surfaceNodeId:[33251636805634], ability state: foreground
01-03 17:18:21.327  7742  7742 I C03900/Ace: [(100000:100000:scope)] ArkUI requests first Vsync.
01-03 17:18:21.327  7742  7742 I C04202/WMSMain: RequestVsync: First vsync has requested, nodeId: 33251636805634
01-03 17:18:21.327  7742  7742 I C03959/AceLayout: [(-2:100000:singleton)] [com.zixiao.voot][entry][100000]: UpdateViewportConfig Viewport config: size: (2240, 2440) orientation: 0 density: 3.125000 position: (0, 0) transformHint: 270 displayId: 0, windowSizeChangeReason 0, is rsTransaction nullptr 1, updateAvoidAreas size: 5[(0,top [0 0 2240 121] )(1,top [2109 28 69 69] )(2,empty)(3,empty)(4,bottom [728 2353 784 87] )], keyboardInfo is null
01-03 17:18:21.328  7742  7742 I C04208/WMSLayout: UpdateViewportConfig: Id: 55, reason: 0, windowRect: [0 0 2240 2440], displayOrientation: 0, config[0, 270, 270, 3.125000]
01-03 17:18:21.328  7742  7742 I C03900/Ace: [(-2:100000:singleton)] [com.zixiao.voot][entry][100000]: window focus
01-03 17:18:21.328  7742  7742 I C03900/Ace: [(-2:100000:singleton)] [com.zixiao.voot][entry][100000]:window active
01-03 17:18:21.328  7742  7742 I C04200/JsWindow: CreateJsWindow voot0
01-03 17:18:21.328  7742  7742 I C0420a/WMSLife: JsWindow: window: voot0, ctorCnt: 1
01-03 17:18:21.329  7742  7742 I C0420a/WMSLife: CreateJsWindowObject: Add window voot0
01-03 17:18:21.329  7742  7742 I C04209/WMSImms: GetAvoidAreaByType: win [55 voot0] type 0 times 4 area top [0 0 2240 121] 
01-03 17:18:21.330  7742  7742 I C04209/WMSImms: GetAvoidAreaByType: win [55 voot0] type 4 times 5 area bottom [728 2353 784 87] 
01-03 17:18:21.330  7742  7742 I A03d00/JSAPP: [EntryAbility] loadContent success: pages/Index
01-03 17:18:21.330  7742  7742 I C04200/JsWindowStage: Window [55, voot0] load content end, ret=0
01-03 17:18:21.330  7742  7742 I C04209/WMSImms: SetLayoutFullScreenByApiVersion: win 55 status 1
01-03 17:18:21.330  7742  7742 I C03917/AceSafeArea: [(-2:100000:singleton)] [com.zixiao.voot][entry][100000]: SetIgnoreViewSafeArea:1
01-03 17:18:21.330  7742  7742 I C03917/AceSafeArea: [(100000:100000:scope)] SetIgnoreSafeArea 1
01-03 17:18:21.330  7742  7742 I C03900/Ace: [(100000:100000:scope)] Update application state , state: ON_ACTIVE
01-03 17:18:21.330  7742  8080 I C02c03/PARAM_WATCHER: [watcher_manager_kits.cpp:176]Add watcher keyPrefix persist.ace.trace.layout.enabled remoteWatcherId 53 success
01-03 17:18:21.330  7742  8080 I C02c03/PARAM_WATCHER: [watcher_manager_kits.cpp:176]Add watcher keyPrefix persist.ace.trace.inputevent.enabled remoteWatcherId 53 success
01-03 17:18:21.330  7742  7742 I C01d02/accessibility_asacfwk: [(SubscribeStateObserver:547)]Observer has subscribed!
01-03 17:18:21.330  7742  7742 I C01d02/accessibility_asacfwk: [(SubscribeStateObserver:547)]Observer has subscribed!
01-03 17:18:21.330  7742  7742 I C01d02/accessibility_asacfwk: [(SubscribeStateObserver:547)]Observer has subscribed!
01-03 17:18:21.330  7742  7742 I C0391c/AceFocus: [(100000:100000:scope)] Window: 55 get focus.
01-03 17:18:21.330  7742  7742 W C0391c/AceFocus: [(100000:100000:scope)] Current focus view can not found!
01-03 17:18:21.330  7742  7742 I C0391c/AceFocus: [(100000:100000:scope)] Request focus on rootFocusHub: root/0
01-03 17:18:21.330  7742  8080 I C02c03/PARAM_WATCHER: [watcher_manager_kits.cpp:176]Add watcher keyPrefix const.security.developermode.state remoteWatcherId 53 success
01-03 17:18:21.331  7742  7742 I C03959/AceLayout: [(-2:100000:singleton)] [com.zixiao.voot][entry][100000]: UpdateViewportConfig Viewport config: size: (2240, 2440) orientation: 0 density: 3.125000 position: (0, 0) transformHint: 270 displayId: 0, windowSizeChangeReason 23, is rsTransaction nullptr 1, updateAvoidAreas size: 5[(0,top [0 0 2240 121] )(1,top [2109 28 69 69] )(2,empty)(3,empty)(4,bottom [728 2353 784 87] )], keyboardInfo is null
01-03 17:18:21.331  7742  7742 I C04208/WMSLayout: UpdateViewportConfig: Id: 55, reason: 23, windowRect: [0 0 2240 2440], displayOrientation: 0, config[0, 270, 270, 3.125000]
01-03 17:18:21.331  7742  7742 I C03925/AceRouter: [(100000:100000:scope)] Page router manager is creating page[1]: url: pages/Index path: pages/Index.js, recoverable: yes, namedRouter: no
01-03 17:18:21.331  7742  8080 I C02c03/PARAM_WATCHER: [watcher_manager_kits.cpp:176]Add watcher keyPrefix persist.ace.debug.statemgr.enabled remoteWatcherId 53 success
01-03 17:18:21.332  7742  8080 I C02c03/PARAM_WATCHER: [watcher_manager_kits.cpp:176]Add watcher keyPrefix persist.ace.debug.boundary.enabled remoteWatcherId 53 success
01-03 17:18:21.332  7742  7742 E C03f00/ArkCompiler: [common] Secure memory check: xpm proc does not exist, do not check secure memory anymore.
01-03 17:18:21.332  7742  8080 I C02c03/PARAM_WATCHER: [watcher_manager_kits.cpp:176]Add watcher keyPrefix persist.ace.performance.monitor.enabled remoteWatcherId 53 success
01-03 17:18:21.333  7742  8080 I C02c03/PARAM_WATCHER: [watcher_manager_kits.cpp:176]Add watcher keyPrefix persist.gesture.smart_gesture_enable remoteWatcherId 53 success
01-03 17:18:21.335  7742  7742 E C01707/CONCUR: [Interface] task 8055 apply qos failed, errno = 4
01-03 17:18:21.337  7742  7742 E C01707/CONCUR: [Interface] task 8056 apply qos failed, errno = 4
01-03 17:18:21.340  7742  7742 E C01707/CONCUR: [Interface] task 8054 apply qos failed, errno = 4
01-03 17:18:21.345  7742  7742 E C01707/CONCUR: [Interface] task 8055 apply qos failed, errno = 4
01-03 17:18:21.348  7742  7742 E C01707/CONCUR: [Interface] task 8056 apply qos failed, errno = 4
01-03 17:18:21.350  7742  7742 E C01707/CONCUR: [Interface] task 8054 apply qos failed, errno = 4
01-03 17:18:21.351  7742  7742 E C03f00/ArkCompiler: [common] Secure memory check: xpm proc does not exist, do not check secure memory anymore.
01-03 17:18:21.354  7742  7742 E C01707/CONCUR: [Interface] task 8055 apply qos failed, errno = 4
01-03 17:18:21.356  7742  7742 E C01707/CONCUR: [Interface] task 8056 apply qos failed, errno = 4
01-03 17:18:21.358  7742  7742 E C01707/CONCUR: [Interface] task 8054 apply qos failed, errno = 4
01-03 17:18:21.362  7742  7742 E C01707/CONCUR: [Interface] task 8055 apply qos failed, errno = 4
01-03 17:18:21.365  7742  7742 E C01707/CONCUR: [Interface] task 8056 apply qos failed, errno = 4
01-03 17:18:21.367  7742  7742 E C01707/CONCUR: [Interface] task 8054 apply qos failed, errno = 4
01-03 17:18:21.370  7742  7742 E C03f00/ArkCompiler: [common] Secure memory check: xpm proc does not exist, do not check secure memory anymore.
01-03 17:18:21.372  7742  7742 E C01707/CONCUR: [Interface] task 8055 apply qos failed, errno = 4
01-03 17:18:21.374  7742  7742 E C01707/CONCUR: [Interface] task 8056 apply qos failed, errno = 4
01-03 17:18:21.376  7742  7742 E C01707/CONCUR: [Interface] task 8054 apply qos failed, errno = 4
01-03 17:18:21.378  7742  7742 E C01707/CONCUR: [Interface] task 8055 apply qos failed, errno = 4
01-03 17:18:21.380  7742  7742 E C01707/CONCUR: [Interface] task 8056 apply qos failed, errno = 4
01-03 17:18:21.384  7742  7742 E C01707/CONCUR: [Interface] task 8054 apply qos failed, errno = 4
01-03 17:18:21.386  7742  7742 I C015b0/NETSTACK: [napi_utils.cpp:759] newId = 1, id = 2
01-03 17:18:21.389  7742  7742 I C015b0/NETSTACK: [http_module.cpp:64] IsAtomicService bundleName is com.zixiao.voot, isAtomicService is 0
01-03 17:18:21.389  7742  7742 I C03f01/NAPI: [LoadNativeModule] key is default/sherpa_onnx
01-03 17:18:21.391  7742  7742 I C03f01/NAPI: [Register] Tail module name is 'default/sherpa_onnx'
01-03 17:18:21.392  7742  7742 I C03f01/NAPI: [RegisterByBuffer] Module name is 'hds.hdsBaseComponent'
01-03 17:18:21.395  7742  7742 E C01707/CONCUR: [Interface] task 8055 apply qos failed, errno = 4
01-03 17:18:21.397  7742  7742 E C01707/CONCUR: [Interface] task 8056 apply qos failed, errno = 4
01-03 17:18:21.399  7742  7742 E C01707/CONCUR: [Interface] task 8054 apply qos failed, errno = 4
01-03 17:18:21.403  7742  7742 E C01707/CONCUR: [Interface] task 8055 apply qos failed, errno = 4
01-03 17:18:21.406  7742  7742 E C01707/CONCUR: [Interface] task 8056 apply qos failed, errno = 4
01-03 17:18:21.408  7742  7742 E C01707/CONCUR: [Interface] task 8054 apply qos failed, errno = 4
01-03 17:18:21.409  7742  7742 W C03f01/NAPI: [FindNativeModuleByDisk] mismatch: moduleName is hms.hds.HdsBaseComponentNapi, name is hds.HdsBaseComponentNapi
01-03 17:18:21.409  7742  7742 I C03f01/NAPI: [RegisterByBuffer] Module name is 'hds.hdsvisualeffects'
01-03 17:18:21.412  7742  7742 E C01707/CONCUR: [Interface] task 8055 apply qos failed, errno = 4
01-03 17:18:21.414  7742  7742 E C01707/CONCUR: [Interface] task 8056 apply qos failed, errno = 4
01-03 17:18:21.415  7742  7742 E C01707/CONCUR: [Interface] task 8054 apply qos failed, errno = 4
01-03 17:18:21.420  7742  7742 E C01707/CONCUR: [Interface] task 8055 apply qos failed, errno = 4
01-03 17:18:21.422  7742  7742 E C01707/CONCUR: [Interface] task 8056 apply qos failed, errno = 4
01-03 17:18:21.424  7742  7742 E C01707/CONCUR: [Interface] task 8054 apply qos failed, errno = 4
01-03 17:18:21.426  7742  7742 W C03f01/NAPI: [FindNativeModuleByDisk] mismatch: moduleName is hms.hds.HdsVisualEffectsNapi, name is hds.HdsVisualEffectsNapi
01-03 17:18:21.426  7742  7742 I C03900/HDS_EFFECT: [hds_effect_napi.cpp-InitDotController:817]HDSEffectNapi::InitDotController
01-03 17:18:21.441  7742  7742 E C01707/CONCUR: [Interface] task 8055 apply qos failed, errno = 4
01-03 17:18:21.443  7742  7742 E C01707/CONCUR: [Interface] task 8056 apply qos failed, errno = 4
01-03 17:18:21.444  7742  7742 E C01707/CONCUR: [Interface] task 8054 apply qos failed, errno = 4
01-03 17:18:21.449  7742  7742 E C01707/CONCUR: [Interface] task 8055 apply qos failed, errno = 4
01-03 17:18:21.451  7742  7742 E C01707/CONCUR: [Interface] task 8056 apply qos failed, errno = 4
01-03 17:18:21.453  7742  7742 E C01707/CONCUR: [Interface] task 8054 apply qos failed, errno = 4
01-03 17:18:21.455  7742  7742 I C01656/UDMF: UDMFUniformTypModule::RegisterUDMFUnifiedDataModule module register data.uniformTypeDescriptor
01-03 17:18:21.456  7742  7742 I C01656/UDMF: UDMFUniformTypModule::Init init TypeDescriptor 0
01-03 17:18:21.459  7742  7742 E C01707/CONCUR: [Interface] task 8055 apply qos failed, errno = 4
01-03 17:18:21.461  7742  7742 E C01707/CONCUR: [Interface] task 8056 apply qos failed, errno = 4
01-03 17:18:21.462  7742  7742 E C01707/CONCUR: [Interface] task 8054 apply qos failed, errno = 4
01-03 17:18:21.466  7742  7742 E C01707/CONCUR: [Interface] task 8055 apply qos failed, errno = 4
01-03 17:18:21.468  7742  7742 E C01707/CONCUR: [Interface] task 8056 apply qos failed, errno = 4
01-03 17:18:21.470  7742  7742 E C01707/CONCUR: [Interface] task 8054 apply qos failed, errno = 4
01-03 17:18:21.471  7742  7742 W C03f01/NAPI: [FindNativeModuleByDisk] mismatch: moduleName is systemParameterEnhance, name is systemParameterV9
01-03 17:18:21.472  7742  7742 I C02401/USER_AUTH_NAPI: [UserAuthInit@user_auth_entry.cpp:1044] start
01-03 17:18:21.472  7742  7742 I C02401/USER_AUTH_NAPI: [GetCtor@user_auth_entry.cpp:1011] start
01-03 17:18:21.475  7742  7742 I C02300/LocationHiAppEvent: [(LocationHiAppEvent:29)]ability constructed.
01-03 17:18:21.476  7742  7742 I C015b0/NetMgrSubSystem: newId = 1, id = 2
01-03 17:18:21.482  7742  8089 I C03301/LIBUV: init:4432
01-03 17:18:21.482  7742  8089 I C03301/LIBUV: init:4432, backend_fd:49
01-03 17:18:21.482  7742  8089 I C03301/LIBUV: open:4432, pipefd[0]:52
01-03 17:18:21.482  7742  7742 I C03f01/NAPI: [RegisterByBuffer] Module name is 'arkui.node'
01-03 17:18:21.482  7742  8089 I C03f01/NAPI: taskpool:: threads: 1, running: 1, idle: 0, timeout: 0
01-03 17:18:21.482  7742  8088 I C03f00/ArkCompiler: [pgo] initializing pgo profiler, pgo is disabled, worker is enabled, profiler: 0
01-03 17:18:21.485  7742  7742 E C01707/CONCUR: [Interface] task 8055 apply qos failed, errno = 4
01-03 17:18:21.488  7742  7742 E C01707/CONCUR: [Interface] task 8056 apply qos failed, errno = 4
01-03 17:18:21.490  7742  7742 E C01707/CONCUR: [Interface] task 8054 apply qos failed, errno = 4
01-03 17:18:21.491  7742  8088 I C03f01/NAPI: [ArkNativeEngine] ArkNativeEngine is created, id 2
01-03 17:18:21.491  7742  8088 I C03301/LIBUV: init:4672
01-03 17:18:21.491  7742  8088 I C03301/LIBUV: init:4672, backend_fd:53
01-03 17:18:21.491  7742  8088 I C03301/LIBUV: open:4672, pipefd[0]:56
01-03 17:18:21.492  7742  8088 I C01e00/GLOBAL_I18N: RegisterIntl: Replace buildin Intl Success.
01-03 17:18:21.492  7742  8088 W C03f00/ArkCompiler: [ecmascript] invalid size of the string cache table or the table has been registered.
01-03 17:18:21.492  7742  8088 W C03f00/ArkCompiler: [ecmascript] Currently, maximum size of the table is 150
01-03 17:18:21.492  7742  7742 E C01707/CONCUR: [Interface] task 8055 apply qos failed, errno = 4
01-03 17:18:21.494  7742  7742 E C01707/CONCUR: [Interface] task 8056 apply qos failed, errno = 4
01-03 17:18:21.495  7742  8088 I C03900/Ace: [(-1:100000:singleton)] preload js enums in PreloadAceModuleWorker
01-03 17:18:21.495  7742  7742 E C01707/CONCUR: [Interface] task 8054 apply qos failed, errno = 4
01-03 17:18:21.497  7742  8088 I C01321/JsRuntime: [js_runtime_common80]debug mode is 1, debug app is 0
01-03 17:18:21.497  7742  8088 I C01321/JsRuntime: [js_runtime_common83]Create instanceId is 8088
01-03 17:18:21.497  7742  8088 W C01321/JsRuntime: [CSM257]not Connected
01-03 17:18:21.497  7742  8088 W C01321/JsRuntime: [CSM162]not Connected
01-03 17:18:21.497  7742  8088 I C03f00/ArkCompiler: [ecmascript] JSNApi::NotifyDebugMode, tid = 8088, debugApp = 0, isDebugMode = 0, instanceId = 8088
01-03 17:18:21.499  7742  7742 I C01d10/accessibility_napi: [(AccessibleAbilityConstructorStyle:1240)]
01-03 17:18:21.499  7742  7742 I C01d10/accessibility_napi: [(Init:283)]-----Init end------
01-03 17:18:21.501  7742  8090 W C02d07/Verify: invalid configName=
01-03 17:18:21.501  7742  8090 I C02d07/ObserverMgr: succ to register application state callback
01-03 17:18:21.502  7742  8090 I C04707/HaAppEvent: ==============HaAppEventInit====================
01-03 17:18:21.503  7742  8090 I C02d07/ModuleLoader: succ to load module=/system/lib64/libha_app_event.z.so.
01-03 17:18:21.505  7742  8057 W C01650/Rdb: RdbStoreManager[IsConfigInvalidChanged]: no bundleName
01-03 17:18:21.506  7742  8057 E C01650/Rdb: RdbStoreManager[IsSupportSilentFromService]: GetRdbService failed, err is 27394049.
01-03 17:18:21.506  7742  7742 E C01707/CONCUR: [Interface] task 8055 apply qos failed, errno = 4
01-03 17:18:21.507  7742  8057 I C01630/DistributedDB: [TimeHelper] init
01-03 17:18:21.507  7742  8057 I C01630/DistributedDB: [TimeHelper] init
01-03 17:18:21.508  7742  7742 E C01707/CONCUR: [Interface] task 8056 apply qos failed, errno = 4
01-03 17:18:21.510  7742  7742 E C01707/CONCUR: [Interface] task 8054 apply qos failed, errno = 4
01-03 17:18:21.510  7742  8057 I C01650/Rdb: Config[Log]: Error(283) recovered 36 frames from WAL file /dat***/sto***/e**/bas***/fil***/hia***ent/dat***ses/app***.db-wal 
01-03 17:18:21.522  7742  8057 I C01650/Rdb: ConnectionPool[Create]: code:0 app[:] area[el2] cfg[0,0,0,0,1,0,0]app***.db:<DB,0x40d84,4096,100660><DWR,0x40d85,12288,100660><SHM,0x40d87,32768,100660><WAL,0x40d86,148352,100660>
01-03 17:18:21.522  7742  8057 I C02d07/Store: create db store successfully
01-03 17:18:21.524  7742  7742 E C01707/CONCUR: [Interface] task 8055 apply qos failed, errno = 4
01-03 17:18:21.524  7742  8057 I C02d07/ObserverDao: succ to query observer seq=1, name=ha_app_event, hash=1915457907267372477
01-03 17:18:21.527  7742  7742 E C01707/CONCUR: [Interface] task 8056 apply qos failed, errno = 4
01-03 17:18:21.528  7742  7742 E C01707/CONCUR: [Interface] task 8054 apply qos failed, errno = 4
01-03 17:18:21.528  7742  8090 I C02d07/ObserverMgr: register processor=1 successfully
01-03 17:18:21.528  7742  7742 W C03f01/NAPI: [FindNativeModuleByCache] moduleName 'collaboration.rcp' is in different path
