Device info:HUAWEI Mate 70 Pro+
Build info:PLA-AL10 6.0.0.120(SP6C00E120R9P6)
Fingerprint:dc75421d0b2af0ff41bb0a0d28bcfeab75eeb335d41376964750b4f13a15d674
Timestamp:2025-12-29 16:27:16.047
Module name:com.zixiao.voot
Version:1.2.2
VersionCode:1002002
PreInstalled:No
Foreground:Yes
Pid:53272
Uid:20020048
Process Memory(kB): 405544(Rss)
Device Memory(kB): Total 16017764, Free 689724, Available 4361216
Page switch history:
  16:27:14.768 :enters foreground
Reason:TypeError
Error name:TypeError
Error message:@Component '@Component 'ConfigurationPage'[36]': Illegal variable value error with decorated variable undefined 'sheetOnSelect': failed validation: 'undefined, null, number, boolean, string, or Object but not function, not V2 @ObservedV2 / @Trace class, and makeObserved return value either, attempt to assign value type: 'function', value: 'undefined'!
Stacktrace:
Cannot get SourceMap info, dump raw stack:
    at varValueCheckFailed (/usr1/hmos_for_system/src/increment/sourcecode/out/generic_generic_arm_64only/general_all_phone_standard/obj/foundation/arkui/ace_engine/frameworks/bridge/declarative_frontend/stateMgmt.js:2315:1)
    at checkIsSupportedValue (/usr1/hmos_for_system/src/increment/sourcecode/out/generic_generic_arm_64only/general_all_phone_standard/obj/foundation/arkui/ace_engine/frameworks/bridge/declarative_frontend/stateMgmt.js:6419:1)
    at setValueInternal (/usr1/hmos_for_system/src/increment/sourcecode/out/generic_generic_arm_64only/general_all_phone_standard/obj/foundation/arkui/ace_engine/frameworks/bridge/declarative_frontend/stateMgmt.js:6755:1)
    at ObservedPropertyPU (/usr1/hmos_for_system/src/increment/sourcecode/out/generic_generic_arm_64only/general_all_phone_standard/obj/foundation/arkui/ace_engine/frameworks/bridge/declarative_frontend/stateMgmt.js:6696:1)
    at ObservedPropertyObjectPU (/usr1/hmos_for_system/src/increment/sourcecode/out/generic_generic_arm_64only/general_all_phone_standard/obj/foundation/arkui/ace_engine/frameworks/bridge/declarative_frontend/stateMgmt.js:6848:1)
    at ConfigurationPage (entry|entry|1.1.4|src/main/ets/pages/ConfigurationPage.ts:728:1)
    at anonymous (entry|entry|1.1.4|src/main/ets/pages/Index.ts:2535:1)
    at updateFunc (/usr1/hmos_for_system/src/increment/sourcecode/out/generic_generic_arm_64only/general_all_phone_standard/obj/foundation/arkui/ace_engine/frameworks/bridge/declarative_frontend/stateMgmt.js:8651:1)
    at observeComponentCreation2 (/usr1/hmos_for_system/src/increment/sourcecode/out/generic_generic_arm_64only/general_all_phone_standard/obj/foundation/arkui/ace_engine/frameworks/bridge/declarative_frontend/stateMgmt.js:8678:1)
    at anonymous (entry|entry|1.1.4|src/main/ets/pages/Index.ts:2533:38)
    at ifElseBranchUpdateFunction (/usr1/hmos_for_system/src/increment/sourcecode/out/generic_generic_arm_64only/general_all_phone_standard/obj/foundation/arkui/ace_engine/frameworks/bridge/declarative_frontend/stateMgmt.js:5049:1)
    at anonymous (entry|entry|1.1.4|src/main/ets/pages/Index.ts:2531:30)
    at updateFunc (/usr1/hmos_for_system/src/increment/sourcecode/out/generic_generic_arm_64only/general_all_phone_standard/obj/foundation/arkui/ace_engine/frameworks/bridge/declarative_frontend/stateMgmt.js:8651:1)
    at observeComponentCreation2 (/usr1/hmos_for_system/src/increment/sourcecode/out/generic_generic_arm_64only/general_all_phone_standard/obj/foundation/arkui/ace_engine/frameworks/bridge/declarative_frontend/stateMgmt.js:8678:1)
    at anonymous (entry|entry|1.1.4|src/main/ets/pages/Index.ts:2247:22)

HiLog:
12-29 16:27:14.680 53272 53272 I C02C11/appspawn/APPSPAWN: AppSpawnChild id 2280 flags:0xc
12-29 16:27:14.680 53272 53272 I C02C02/PARAM: ResetParamSecurityLabel Fd:19
12-29 16:27:14.681 53272 53272 I C02D33/com.zixiao.voot/HitraceOption: FilterAppTrace com.zixiao.voot 53272
12-29 16:27:14.694 53272 53272 W C02C11/com.zixiao.voot/APPSPAWN: errno:2 bind mount /system/data to /mnt/sandbox/100/com.zixiao.voot/system/data
12-29 16:27:14.695 53272 53272 I C02C11/com.zixiao.voot/APPSPAWN: file /mnt/sandbox/100/com.zixiao.voot/data/service/el1/public/hosts_user/hosts already exist
12-29 16:27:14.695 53272 53272 W C02C11/com.zixiao.voot/APPSPAWN: errno:2 bind mount /system/etc/hosts to /mnt/sandbox/100/com.zixiao.voot/data/service/el1/public/hosts_user/hosts
12-29 16:27:14.695 53272 53272 W C02C11/com.zixiao.voot/APPSPAWN: errno:2 bind mount /vendor/lib to /mnt/sandbox/100/com.zixiao.voot/vendor/lib
12-29 16:27:14.699 53272 53272 W C02C11/com.zixiao.voot/APPSPAWN: errno:2 bind mount /data/app/el1/public/aot_compiler/ark_cache/com.zixiao.voot to /mnt/sandbox/100/com.zixiao.voot/data/storage/ark-cache
12-29 16:27:14.699 53272 53272 W C02C11/com.zixiao.voot/APPSPAWN: check dir /data/app/el1/public/aot_compiler/ark_cache/com.zixiao.voot failed,strerror:No such file or directory
12-29 16:27:14.700 53272 53272 W C02C11/com.zixiao.voot/APPSPAWN: errno:13 private mount to /mnt/sandbox/100/com.zixiao.voot/data/service/el0/public/for-all-app '524288' failed
12-29 16:27:14.701 53272 53272 W C02C11/com.zixiao.voot/APPSPAWN: errno:2 bind mount /chip_prod/etc/passthrough to /mnt/sandbox/100/com.zixiao.voot/chip_prod/etc/passthrough
12-29 16:27:14.701 53272 53272 W C02C11/com.zixiao.voot/APPSPAWN: errno:13 private mount to /mnt/sandbox/100/com.zixiao.voot/vendor/etc/vulkan '524288' failed
12-29 16:27:14.701 53272 53272 W C02C11/com.zixiao.voot/APPSPAWN: errno:2 bind mount /vendor/etc/silk to /mnt/sandbox/100/com.zixiao.voot/vendor/etc/silk
12-29 16:27:14.702 53272 53272 W C02C11/com.zixiao.voot/APPSPAWN: errno:2 bind mount /system/asan/lib64 to /mnt/sandbox/100/com.zixiao.voot/system/asan/lib64
12-29 16:27:14.702 53272 53272 W C02C11/com.zixiao.voot/APPSPAWN: errno:2 bind mount /vendor/asan/lib64 to /mnt/sandbox/100/com.zixiao.voot/vendor/asan/lib64
12-29 16:27:14.702 53272 53272 W C02C11/com.zixiao.voot/APPSPAWN: errno:13 private mount to /mnt/sandbox/100/com.zixiao.voot/chip_prod/lib64/passthrough '524288' failed
12-29 16:27:14.702 53272 53272 W C02C11/com.zixiao.voot/APPSPAWN: errno:2 bind mount /system/app/ohos.global.systemres to /mnt/sandbox/100/com.zixiao.voot/data/global/systemResources
12-29 16:27:14.704 53272 53272 W C02C11/com.zixiao.voot/APPSPAWN: errno:2 bind mount /data/preload/app to /mnt/sandbox/100/com.zixiao.voot/data/preload/app
12-29 16:27:14.710 53272 53272 I C02C11/com.zixiao.voot/APPSPAWN: path /storage/Users/currentUser/Download/com.zixiao.voot mode 0x3
12-29 16:27:14.710 53272 53272 E C05A06/com.zixiao.voot/CODE_SIGN: [XpmIoctl]:Ioctl cmd 40087803 failed: Invalid argument (ignore)
12-29 16:27:14.716 53272 53272 I C05A05/com.zixiao.voot/SecCompEnhanceClient: [RegisterCheckCallback]Register secComp: sessionId=1276990097, seqNum=******431.
12-29 16:27:14.717 53272 53272 I C02D0B/com.zixiao.voot/HICHECKER: hichecker param is empty.
12-29 16:27:14.717 53272 53272 I C04500/com.zixiao.voot/webview: SelectWebcoreBeforeProcessRun: SelectWebcoreBeforeProcessRun for app com.zixiao.voot.
12-29 16:27:14.717 53272 53272 I C02C11/com.zixiao.voot/APPSPAWN: ClearEnvAndReturnSuccess 4
12-29 16:27:14.717 53272 53272 I C01317/com.zixiao.voot/AppKit: [MAINTHD3029]mainthread start, pid:53272
12-29 16:27:14.719 53272 53272 I C01719/com.zixiao.voot/ffrt: 1:QueueMonitor:46 timeout:30000000 us
12-29 16:27:14.720 53272 53272 I C01317/com.zixiao.voot/AppKit: [MAINTHD420]attach
12-29 16:27:14.723 53272 53373 I C01317/com.zixiao.voot/AppKit: [MAINTHD814]ScheduleLaunchAbility called, ability EntryAbility, type is 1.
12-29 16:27:14.723 53272 53272 I C03900/com.zixiao.voot/ACE_UIContent: [69]AceForwardCompatibility [com.zixiao.voot] force:1 newpipe:1
12-29 16:27:14.725 53272 53384 W C01719/com.zixiao.voot/ffrt: 2:operator():110 [1220901256] set priority warn ret[1] eno[0]
12-29 16:27:14.725 53272 53272 I C01317/com.zixiao.voot/AppKit: [MAINTHD1734]SmartGC: process is start. enable warm startup SmartGC: 0
12-29 16:27:14.726 53272 53272 I C03F00/com.zixiao.voot/ArkCompiler: [ecmascript] asmint: 1, aot: 0, jit: 1, baseline jit: 0, bundle name: com.zixiao.voot
12-29 16:27:14.726 53272 53272 I C03F00/com.zixiao.voot/ArkCompiler: [ecmascript] multi-thread check enabled: 0
12-29 16:27:14.727 53272 53272 I C03F00/com.zixiao.voot/ArkCompiler: [pgo] reset pgo profiler, pgo profiler is disabled
12-29 16:27:14.727 53272 53272 I C03F00/com.zixiao.voot/ArkCompiler: [gc] SmartGC: startup GC restrain, phase 1 threshold: local 448MB, shared 355MB; phase 2 threshold: local 112MB, shared 145MB
12-29 16:27:14.727 53272 53272 I C03301/com.zixiao.voot/LIBUV: init:128
12-29 16:27:14.727 53272 53272 I C03301/com.zixiao.voot/LIBUV: init:128, backend_fd:27
12-29 16:27:14.727 53272 53272 I C03301/com.zixiao.voot/LIBUV: open:128, pipefd[0]:30
12-29 16:27:14.728 53272 53272 I C03F00/com.zixiao.voot/ArkCompiler: [ecmascript] can not find aot file
12-29 16:27:14.730 53272 53272 I C01E00/com.zixiao.voot/GLOBAL_I18N: RegisterIntl: Replace buildin Intl Success.
12-29 16:27:14.730 53272 53272 W C01321/com.zixiao.voot/JsRuntime: [CSM162]not Connected
12-29 16:27:14.730 53272 53272 I C03F00/com.zixiao.voot/ArkCompiler: [ecmascript] JSNApi::NotifyDebugMode, tid = 53272, debugApp = 0, isDebugMode = 0, instanceId = 0
12-29 16:27:14.732 53272 53385 I C01317/com.zixiao.voot/AppKit: [DRH395]File existed. dir: /data/storage/el2/base/cache/rawheap
12-29 16:27:14.732 53272 53272 W C01E00/com.zixiao.voot/ResourceManager: update userId, currentUserId_= 0, userId= 100
12-29 16:27:14.733 53272 53385 I C01317/com.zixiao.voot/AppKit: [DRH375]success to AclSetAccess, path: /data/storage/el2/base/cache/rawheap
12-29 16:27:14.735 53272 53396 W C01653/com.zixiao.voot/NativePreferences: LoadFromDisk: The settingXml /***/el1/***/i18*** load failed.
12-29 16:27:14.738 53272 53272 E C01301/com.zixiao.voot/CompatiblePolicyDeviceType: [calculateResourceType:81]deviceType is empty.
12-29 16:27:14.738 53272 53272 I C01317/com.zixiao.voot/AppKit: [application_cleaner94]ClearTempData
12-29 16:27:14.741 53272 53272 I C01317/com.zixiao.voot/AppKit: [js_ability_stage189]AbilityStage::LoadModule
12-29 16:27:14.741 53272 53272 W C01317/com.zixiao.voot/AppKit: [js_ability_stage932]null stage
12-29 16:27:14.741 53272 53272 W C01317/com.zixiao.voot/AppKit: [js_ability_stage232]Not found AbilityStage.js
12-29 16:27:14.742 53272 53393 I C02C03/PARAM_WATCHER: Add watcher keyPrefix persist.hdc.jdwp remoteWatcherId 2367 success
12-29 16:27:14.742 53272 53393 I C02D13/com.zixiao.voot/HDC_LOG: AddWatchHdcdJdwp rc:0
12-29 16:27:14.742 53272 53393 I C02D13/com.zixiao.voot/HDC_LOG: connect success cfd:41
12-29 16:27:14.742 53272 53393 I C02D13/com.zixiao.voot/HDC_LOG: Send2Jdwp send pid:53272, pp:com.zixiao.voot, isDebug:0, msglen:27
12-29 16:27:14.743 53272 53272 I C01332/com.zixiao.voot/UIAbility: [JUA348]called
12-29 16:27:14.743 53272 53272 I C03F00/com.zixiao.voot/ArkCompiler: [ecmascript] start to execute module buffer with secure memory: /data/storage/el1/bundle/entry/ets/entryability/EntryAbility.abc
12-29 16:27:14.743 53272 53389 W C03F00/com.zixiao.voot/ArkCompiler: [ecmascript] set label failed! level: s1, file: /data/storage/ark-profile/rt_entry.ap
12-29 16:27:14.743 53272 53389 I C03F00/com.zixiao.voot/ArkCompiler: [pgo] will save profiler to file /data/storage/ark-profile/rt_entry.ap
12-29 16:27:14.746 53272 53272 I C01301/com.zixiao.voot/js_form_binding_data.cpp: [JsFormBindingDataInit:86]end
12-29 16:27:14.747 53272 53272 I C01301/com.zixiao.voot/js_form_info.cpp: [FormInfoInit:234]call
12-29 16:27:14.747 53272 53272 I C01301/com.zixiao.voot/js_form_info.cpp: [FormInfoInit:248]end
12-29 16:27:14.748 53272 53272 I C04110/com.zixiao.voot/DHDM: [devicemanagerkit_js][RegisterModule]:RegisterModule() is called!
12-29 16:27:14.748 53272 53272 I C04110/com.zixiao.voot/DHDM: [devicemanagerkit_js][Export]:Export() is called!
12-29 16:27:14.748 53272 53272 I C04110/com.zixiao.voot/DHDM: [devicemanagerkit_js][Init]:DeviceManagerNapi::Init() is called!
12-29 16:27:14.748 53272 53272 I C04110/com.zixiao.voot/DHDM: [devicemanagerkit_js][Init]:All props and functions are configured..
12-29 16:27:14.750 53272 53272 I C01320/com.zixiao.voot/JsEnv: [js_environment290]timing: 7
12-29 16:27:14.750 53272 53272 I C01320/com.zixiao.voot/JSENV: Callee constructor is OK string
12-29 16:27:14.750 53272 53272 I C01320/com.zixiao.voot/JSENV: Ability::constructor callee is object [object Object]
12-29 16:27:14.751 53272 53272 I C01332/com.zixiao.voot/UIAbility: [JUA393]End
12-29 16:27:14.751 53272 53272 I C01332/com.zixiao.voot/UIAbility: [ui_ability_thread169]Lifecycle:Attach
12-29 16:27:14.752 53272 53272 I C01317/com.zixiao.voot/AppKit: [MAINTHD2673]called
12-29 16:27:14.752 53272 53272 I C03F00/com.zixiao.voot/ArkCompiler: [gc] app is not inBackground
12-29 16:27:14.753 53272 53373 I C01332/com.zixiao.voot/UIAbility: [ui_ability_thread317]name:EntryAbility,targeState:5,isNewWant:0
12-29 16:27:14.754 53272 53272 I C01332/com.zixiao.voot/UIAbility: [ui_ability_thread236]Lifecycle:name EntryAbility
12-29 16:27:14.754 53272 53272 I C04201/com.zixiao.voot/DMS: AddDisplayIdFromAms: abilityToken and display[0] has been added.
12-29 16:27:14.755 53272 53272 I C01332/com.zixiao.voot/UIAbility: [JUA1854]JsUIAbility call js, name: onCreate
12-29 16:27:14.755 53272 53272 I A03D00/com.zixiao.voot/JSAPP: [EntryAbility] onCreate, launchReason: 1
12-29 16:27:14.755 53272 53272 I C01350/com.zixiao.voot/WantAgent: [napi_want_agent1304]on get wantAgent
12-29 16:27:14.755 53272 53272 I C01320/com.zixiao.voot/JSENV: Callee on method [togglePip]
12-29 16:27:14.755 53272 53272 I C01320/com.zixiao.voot/JSENV: Callee on method [toggleRealtimeReading]
12-29 16:27:14.755 53272 53272 I C01332/com.zixiao.voot/UIAbility: [JUA1899]end, name: onCreate, time: 1
12-29 16:27:14.755 53272 53272 E C01332/com.zixiao.voot/UIAbility: [ui_ability_impl305]hasSaveData_: false
12-29 16:27:14.755 53272 53272 W C01332/com.zixiao.voot/UIAbility: [JUA1088]formatRegex: []
12-29 16:27:14.755 53272 53272 I C04202/com.zixiao.voot/WMSMain: Init: WindowScene with window session!
12-29 16:27:14.755 53272 53272 I C04202/com.zixiao.voot/WMSMain: Init: set isModuleAbilityHookEnd
12-29 16:27:14.756 53272 53272 I C04204/com.zixiao.voot/WMSScb: RS multi-instance enabled: 1, deviceType phone
12-29 16:27:14.756 53272 53272 I C01406/com.zixiao.voot/OHOS::RS: multi-instance, create RSUIContextManager, isMultiInstanceOpen_ 1
12-29 16:27:14.756 53272 53272 I C04204/com.zixiao.voot/WMSScb: InitRSUIDirector: Create RSUIDirector: RSUIDirector's RSUIContext [token: 228801497792513, tid: 53272], rsUIContext: RSUIContext is null
12-29 16:27:14.757 53272 53272 I C01406/com.zixiao.voot/OHOS::RS: RSLogManager init log flag: 0x0(0)
12-29 16:27:14.757 53272 53272 I C01406/com.zixiao.voot/OHOS::RS: RSFrameRateLinker::Create id: 228801497792512
12-29 16:27:14.757 53272 53272 I C04202/com.zixiao.voot/WMSMain: VsyncStation: id 228801497792514 created
12-29 16:27:14.757 53272 53272 I C04200/com.zixiao.voot/WindowSceneSessionImpl: WindowSceneSessionImpl: [WMSCom] Constructor voot0
12-29 16:27:14.757 53272 53272 E C04200/com.zixiao.voot/WMS: SetWindowType: permission denied!
12-29 16:27:14.757 53272 53272 I C0420A/com.zixiao.voot/WMSLife: Create: Window Create name:voot0, state:0, mode:0
12-29 16:27:14.757 53272 53272 I C0420A/com.zixiao.voot/WMSLife: Create: SetIsAbilityHookOff 0
12-29 16:27:14.757 53272 53272 W C0420A/com.zixiao.voot/WMSLife: IsWindowSessionInvalid: already destroyed or not created! id: 0 state_: 0
12-29 16:27:14.757 53272 53272 W C04200/com.zixiao.voot/WindowSceneSessionImpl: AdjustWindowAnimationFlag: session invalid!
12-29 16:27:14.757 53272 53272 I C04200/com.zixiao.voot/WindowSceneSessionImpl: Remove window flag WINDOW_FLAG_SHOW_WHEN_LOCKED
12-29 16:27:14.758 53272 53272 I C0420A/com.zixiao.voot/WMSLife: Connect: in
12-29 16:27:14.758 53272 53382 I C04208/com.zixiao.voot/WMSLayout: NotifyAppHookWindowInfoUpdated: in
12-29 16:27:14.759 53272 53272 I C04208/com.zixiao.voot/WMSLayout: Connect: updateRect when connect.preRect:[0,0,0,0]rect:[0,0,1316,2832]
12-29 16:27:14.759 53272 53272 I C0420A/com.zixiao.voot/WMSLife: Connect: Window Connect [name:voot0, id:387, type:1], ret:0
12-29 16:27:14.759 53272 53382 I C04208/com.zixiao.voot/WMSLayout: SetAppHookWindowInfo: Id:387, preHookWindowInfo:[enableHookWindow: false, widthHookRatio: 1.000000], newHookWindowInfo:[enableHookWindow: false, widthHookRatio: 1.000000]
12-29 16:27:14.759 53272 53382 I C0421D/com.zixiao.voot/WMSRotation: SetCurrentRotation: currentRotation: 0
12-29 16:27:14.760 53272 53272 I C04208/com.zixiao.voot/WMSLayout: NotifyWindowStatusChange: id:387, windowMode:1, windowStatus:1, lastWindowStatus:0, skipRedundantWindowStatusNotifications:0
12-29 16:27:14.760 53272 53382 I C04208/com.zixiao.voot/WMSLayout: UpdateRect: id:387 name:voot0 rect:[0 0 1316 2832]->[0 0 1316 2832] reason:0 displayId:0
12-29 16:27:14.760 53272 53382 W C04208/com.zixiao.voot/WMSLayout: NotifySingleHandTransformChange: id:387, uiContent is nullptr
12-29 16:27:14.760 53272 53272 I C04208/com.zixiao.voot/WMSLayout: SetConfigWindowLimitsVP: id:387, windowLimits:[0 0 0 0 0.000000 0.000000 1.000000]
12-29 16:27:14.760 53272 53272 I C04208/com.zixiao.voot/WMSLayout: GetSystemSizeLimits: min[1120,840] max[6720,6720] configMax:1920 vpr:3.500000
12-29 16:27:14.760 53272 53272 I C0421A/com.zixiao.voot/WMSLayoutPc: GetSupportedWindowModesConfiguration: winId: 387, windowModeSupportType: 15
12-29 16:27:14.760 53272 53272 I C0420F/com.zixiao.voot/WMSRecover: RegisterSessionRecoverCallbackFunc: persistentId=387
12-29 16:27:14.760 53272 53272 I C04209/com.zixiao.voot/WMSImms: UpdateDefaultStatusBarColor: win 387 type 1 hasDarkRes 0 colorMode light
12-29 16:27:14.760 53272 53272 I C04209/com.zixiao.voot/WMSImms: SetSpecificBarProperty: win [387 voot0] type 2108 1 ffffff ff000000 0 4
12-29 16:27:14.761 53272 53272 I C04200/com.zixiao.voot/WMS: IsMainHandlerAvailable: id:387, isAvailable:1
12-29 16:27:14.761 53272 53272 I C04200/com.zixiao.voot/WMS: IsMainHandlerAvailable: id:387, isAvailable:1
12-29 16:27:14.761 53272 53272 I C02800/com.zixiao.voot/InputManagerImpl: [][SetWindowInputEventConsumer:364] enter
12-29 16:27:14.762 53272 53272 I C02800/com.zixiao.voot/MMIClient: [][OnConnected:267] Connection to server succeeded, fd:40
12-29 16:27:14.762 53272 53272 I C02800/com.zixiao.voot/MMIClient: [][AddFdListener:166] Server was listening
12-29 16:27:14.762 53272 53272 I C02800/com.zixiao.voot/MMIClient: [][StartEventRunner:127] reuse current event handler, thread name:
12-29 16:27:14.762 53272 53272 I C02800/com.zixiao.voot/MMIClient: [][StartEventRunner:130] File fd is in listening
12-29 16:27:14.762 53272 53272 I C02800/com.zixiao.voot/InputManagerImpl: [][SetWindowInputEventConsumer] leave
12-29 16:27:14.762 53272 53272 I C0420C/com.zixiao.voot/WMSEvent: AddInputWindow: SetWindowInputEventConsumer success, wid:387
12-29 16:27:14.762 53272 53272 I C0420C/com.zixiao.voot/WMSEvent: LoadGameController: in
12-29 16:27:14.764 53272 53272 I C04732/com.zixiao.voot/GameController: [(RegisterEntryModule:24)]begin load gamecontroller_event
12-29 16:27:14.764 53272 53272 I C04732/com.zixiao.voot/GameController: [(StartInputToTouch:57)]Begin StartInputToTouch
12-29 16:27:14.764 53272 53272 I C0420C/com.zixiao.voot/WMSEvent: LoadGameController: dlopen GameController success
12-29 16:27:14.764 53272 53272 I C04217/com.zixiao.voot/WMSAttribute: ConnectServer: start connect
12-29 16:27:14.764 53272 53272 W C03F00/MUSL-LDSO: Error loading header libark_connect_inspector.z.so: failed to map header
12-29 16:27:14.764 53272 53272 W C03F00/MUSL-LDSO: dlopen_impl load library header failed for libark_connect_inspector.z.so
12-29 16:27:14.764 53272 53272 W C04217/com.zixiao.voot/WMSAttribute: ConnectServer: noload fail: libark_connect_inspector.z.so
12-29 16:27:14.764 53272 53272 I C04217/com.zixiao.voot/WMSAttribute: ConnectServer: end connect
12-29 16:27:14.764 53272 53272 W C04217/com.zixiao.voot/WMSAttribute: RegisterGetWMSWindowListCallback: callback has registered
12-29 16:27:14.764 53272 53272 I C04217/com.zixiao.voot/WMSAttribute: RegisterGetWMSWindowListCallback: winId: 387
12-29 16:27:14.764 53272 53272 I C04217/com.zixiao.voot/WMSAttribute: UpdateColorMode: winId: 387, colorMode: light
12-29 16:27:14.764 53272 53272 I C04217/com.zixiao.voot/WMSAttribute: UpdateColorMode: winId: 387, colorMode: light, hasDarkRes: 0
12-29 16:27:14.764 53272 53272 I C0421C/com.zixiao.voot/WMSCompat: SetPcAppInpadSpecificSystemBarInvisible: isPcAppInpadSpecificSystemBarInvisible: 0
12-29 16:27:14.764 53272 53272 I C0421C/com.zixiao.voot/WMSCompat: SetPcAppInpadOrientationLandscape: isPcAppInpadOrientationLandscape: 0
12-29 16:27:14.764 53272 53272 E C04200/com.zixiao.voot/WMS: singleton_container.cpp GetSingleton: cant get OHOS::Rosen::WindowInfoReporter
12-29 16:27:14.764 53272 53272 I C01332/com.zixiao.voot/UIAbility: [JUA1854]JsUIAbility call js, name: onWindowStageCreate
12-29 16:27:14.764 53272 53272 I A03D00/com.zixiao.voot/JSAPP: [EntryAbility] onWindowStageCreate
12-29 16:27:14.765 53272 53272 I C01653/com.zixiao.voot/PreferencesJsKit: GetContextMode: set gContextNode: 1, status: 0,
12-29 16:27:14.765 53272 53272 I C01332/com.zixiao.voot/UIAbility: [JUA1899]end, name: onWindowStageCreate, time: 0
12-29 16:27:14.765 53272 53272 I C01332/com.zixiao.voot/UIAbility: [JUA1854]JsUIAbility call js, name: onWillForeground
12-29 16:27:14.765 53272 53272 I C01332/com.zixiao.voot/UIAbility: [JUA1899]end, name: onWillForeground, time: 0
12-29 16:27:14.765 53272 53272 I C04202/com.zixiao.voot/WMSMain: GoForeground: reason: 4
12-29 16:27:14.765 53272 53272 I C0420A/com.zixiao.voot/WMSLife: Show: Window show [name: voot0, id: 387, type: 1], reason: 4, state:1, requestState:1
12-29 16:27:14.765 53272 53272 I C04208/com.zixiao.voot/WMSLayout: GetSystemSizeLimits: min[1120,840] max[6720,6720] configMax:1920 vpr:3.500000
12-29 16:27:14.765 53272 53272 I C04208/com.zixiao.voot/WMSLayout: UpdateNewSize: fullscreen or compatible mode could not update new size, Id: 387
12-29 16:27:14.765 53272 53396 I C01653/com.zixiao.voot/NativePreferences: XmlReadFile: file:/***/el2/***/voot***ding, m:0.
12-29 16:27:14.765 53272 53272 I C04217/com.zixiao.voot/WMSAttribute: IsSystemDensityChanged: windowId: 387, lastDensity: -1.000000, currDensity: 3.500000
12-29 16:27:14.765 53272 53272 W C04200/com.zixiao.voot/WindowSessionImpl: UpdateViewportConfig: uiContent is null!
12-29 16:27:14.765 53272 53272 I C01332/com.zixiao.voot/UIAbility: [ui_ability_impl430]wnd call, AfterForeground
12-29 16:27:14.765 53272 53272 W C0420A/com.zixiao.voot/WMSLife: GetAttachStateSyncResult: lifecycleCallback is null
12-29 16:27:14.765 53272 53272 I C01406/com.zixiao.voot/OHOS::RS: RSFrameRateLinker::Create id: 228801497792513
12-29 16:27:14.766 53272 53272 I C01706/com.zixiao.voot/RsFrameReportExt: RsFrameReportExt:[LoadLibrary] load library success!
12-29 16:27:14.766 53272 53272 I C01706/com.zixiao.voot/RsFrameReportExt: RsFrameReportExt:[Init] dlopen libframe_ui_intf.so success!
12-29 16:27:14.767 53272 53404 I C04207/com.zixiao.voot/WMSFocus: UpdateFocusState: focus: 1, id: 387
12-29 16:27:14.767 53272 53272 I C01706/com.zixiao.voot/ueaClient-FrameUiIntf: [Init]:ret:1, inited:1
12-29 16:27:14.767 53272 53272 I C04217/com.zixiao.voot/WMSAttribute: InitWaterfallMode: winId: 387
12-29 16:27:14.767 53272 53272 I C04217/com.zixiao.voot/WMSAttribute: NotifyWaterfallModeChange: winId: 387, waterfall: 0, stat: 2
12-29 16:27:14.767 53272 53272 I C0420A/com.zixiao.voot/WMSLife: NotifyAfterDidForeground: reason: 4
12-29 16:27:14.767 53272 53272 I C04202/com.zixiao.voot/WMSMain: NotifyFreeMultiWindowModeResume: IsPcMode 0, isColdStart 1
12-29 16:27:14.767 53272 53272 I C0420A/com.zixiao.voot/WMSLife: Show: Window show success [name:voot0, id:387, type:1]
12-29 16:27:14.767 53272 53272 I C04208/com.zixiao.voot/WMSLayout: NotifyWindowStatusChange: id:387, windowMode:1, windowStatus:1, lastWindowStatus:1, skipRedundantWindowStatusNotifications:0
12-29 16:27:14.768 53272 53272 I C04208/com.zixiao.voot/WMSLayout: NotifyWindowStatusDidChange: Id:387, WindowMode:1, windowStatus:1, lastWindowStatus:0, listenerSize:0, rect:[0 0 1316 2832]
12-29 16:27:14.768 53272 53272 W C04201/com.zixiao.voot/DMS: OnDisplayInfoChange: data is not changed.
12-29 16:27:14.768 53272 53272 I C01332/com.zixiao.voot/UIAbility: [JUA1854]JsUIAbility call js, name: onForeground
12-29 16:27:14.768 53272 53272 I A03D00/com.zixiao.voot/JSAPP: [EntryAbility] onForeground
12-29 16:27:14.768 53272 53272 I C01332/com.zixiao.voot/UIAbility: [JUA1899]end, name: onForeground, time: 0
12-29 16:27:14.768 53272 53406 I C04732/com.zixiao.voot/GameController: [(GetSelfBundleName:49)]The current bundleName [com.zixiao.voot]. version [1.2.2]
12-29 16:27:14.768 53272 53406 I C04732/com.zixiao.voot/GameController: [(IsCommonApp:88)]The [com.zixiao.voot] is a common app.
12-29 16:27:14.769 53272 53404 I C04207/com.zixiao.voot/WMSFocus: NotifyHighlightChange: windowId: 387, isHighlight: 1,
12-29 16:27:14.769 53272 53272 I C0420A/com.zixiao.voot/WMSLife: NotifyAfterDidForeground execute
12-29 16:27:14.769 53272 53272 I C01332/com.zixiao.voot/UIAbility: [JUA1854]JsUIAbility call js, name: onDidForeground
12-29 16:27:14.769 53272 53272 I C01332/com.zixiao.voot/UIAbility: [JUA1899]end, name: onDidForeground, time: 0
12-29 16:27:14.769 53272 53272 I C04202/com.zixiao.voot/WMSMain: GoResume: in
12-29 16:27:14.769 53272 53272 I C0420A/com.zixiao.voot/WMSLife: Resume: in, isColdStart: 1, isDidForeground: 0
12-29 16:27:14.769 53272 53272 I C0420A/com.zixiao.voot/WMSLife: NotifyAfterLifecycleResumed: in
12-29 16:27:14.769 53272 53272 E C0420A/com.zixiao.voot/WMSLife: NotifyUIExtHostWindowRectChangeListeners: uiContent is null
12-29 16:27:14.769 53272 53272 I C04209/com.zixiao.voot/WMSImms: NotifyAvoidAreaChange: win 387 api 21 type 0 area top [0 0 1316 136] 
12-29 16:27:14.769 53272 53272 I C04209/com.zixiao.voot/WMSImms: NotifyAvoidAreaChange: win 387 api 21 type 1 area top [512 37 292 83] 
12-29 16:27:14.769 53272 53272 I C04209/com.zixiao.voot/WMSImms: NotifyAvoidAreaChange: win 387 api 21 type 2 area empty
12-29 16:27:14.769 53272 53272 I C04209/com.zixiao.voot/WMSImms: NotifyAvoidAreaChange: win 387 api 21 type 3 area empty
12-29 16:27:14.769 53272 53272 I C04209/com.zixiao.voot/WMSImms: NotifyAvoidAreaChange: win 387 api 21 type 4 area bottom [427 2734 462 98] 
12-29 16:27:14.769 53272 53272 W C04200/com.zixiao.voot/WindowSessionImpl: UpdateViewportConfig: uiContent is null!
12-29 16:27:14.770 53272 53396 I C01653/com.zixiao.voot/NativePreferences: XmlReadFile: file:/***/el2/***/voot***sage, m:0.
12-29 16:27:14.770 53272 53272 I A03D00/com.zixiao.voot/JSAPP: [EntryAbility] loadInitialPage: isFirstLaunch=false, targetPage=pages/Index
12-29 16:27:14.770 53272 53272 I C04200/com.zixiao.voot/JsWindowStage: LoadContent: [NAPI]
12-29 16:27:14.770 53272 53406 I C04732/com.zixiao.voot/GameController: [(ReadJsonFromFile:213)]load game_support_key_mapping.json file success.
12-29 16:27:14.770 53272 53272 I C0420A/com.zixiao.voot/WMSLife: SetUIContentInner: pages/Index, state:2, persistentId: 387
12-29 16:27:14.770 53272 53272 I C0420A/com.zixiao.voot/WMSLife: SetUIContentComplete: persistentId=387
12-29 16:27:14.770 53272 53396 I C01653/com.zixiao.voot/NativePreferences: XmlReadFile: file:/***/el2/***/voo***rms, m:0.
12-29 16:27:14.770 53272 53406 I C04732/com.zixiao.voot/GameController: [(DoAsyncTask:71)]The app does not support input-to-touch feature.
12-29 16:27:14.771 53272 53272 I C03900/com.zixiao.voot/Ace: [(-1:-1:undefined)] CreateUIContent.
12-29 16:27:14.771 53272 53272 I C03934/com.zixiao.voot/AceUIEvent: [(-1:-1:undefined)] report ace loaded
12-29 16:27:14.771 53272 53404 W C04208/com.zixiao.voot/WMSLayout: NotifySingleHandTransformChange: id:387, uiContent is nullptr
12-29 16:27:14.772 53272 53272 I C04707/com.zixiao.voot/HaAceEngine: OnAceLoaded end
12-29 16:27:14.772 53272 53272 W C0391F/com.zixiao.voot/AceImage: [(-2:-1:undefined)] mkdir cache file path failed.
12-29 16:27:14.772 53272 53272 I C03900/com.zixiao.voot/Ace: [(-2:-1:undefined)] Init RenderService UniRender Type:0
12-29 16:27:14.772 53272 53272 I C03900/com.zixiao.voot/Ace: [(-2:-1:undefined)] [com.zixiao.voot][entry][-1]: UIContent: apiCompatibleVersion: 60001021, apiTargetVersion: 60001021, and apiReleaseType: Release, useNewPipe: 1
12-29 16:27:14.773 53272 53408 I C04200/com.zixiao.voot/WindowSessionImpl: NotifyTransformChange: in
12-29 16:27:14.773 53272 53272 I C02C03/PARAM_WATCHER: Add watcher keyPrefix persist.sys.arkui.animationscale remoteWatcherId 2367 success
12-29 16:27:14.773 53272 53272 E C03900/com.zixiao.voot/Ace: [(-2:-1:undefined)] ConfigXMLParserBase ParseInternalWithBundleName failed
12-29 16:27:14.773 53272 53272 W C03900/com.zixiao.voot/Ace: [(-2:-1:undefined)] ArkUiFeatureParamManager failed to parse xml file
12-29 16:27:14.773 53272 53272 I C03900/com.zixiao.voot/Ace: [(-2:-1:undefined)] SetLocale language tag: zh-CN, select language: zh-CN
12-29 16:27:14.773 53272 53272 I C03900/com.zixiao.voot/Ace: [(-2:-1:undefined)] [com.zixiao.voot][entry][-1]: SetLanguage: zh, colorMode: light, deviceAccess: 0
12-29 16:27:14.773 53272 53272 I C03900/com.zixiao.voot/Ace: [(-2:-1:undefined)] [com.zixiao.voot][entry][-1]: Initialize UIContent isModelJson:true
12-29 16:27:14.774 53272 53272 I C03900/com.zixiao.voot/Ace: [(100000:100000:scope)] SetHapPath, Use hap path to load resource
12-29 16:27:14.774 53272 53272 I C04217/com.zixiao.voot/WMSAttribute: RegisterWaterfallModeChangeListener: winId: 387
12-29 16:27:14.775 53272 53272 I C04200/com.zixiao.voot/WMS: GetSurfaceNode: name:voot0, id:387
12-29 16:27:14.775 53272 53272 I C04200/com.zixiao.voot/WMS: GetSurfaceNode: name:voot0, id:387
12-29 16:27:14.775 53272 53272 I C03900/com.zixiao.voot/Ace: [(100000:100000:scope)] SetRSSurfaceNode 228801497792514 with rs multi
12-29 16:27:14.776 53272 53272 W C03900/com.zixiao.voot/Ace: [(100000:100000:scope)] Invalid config:zh_CN-long-notround-vertical-light-phone-xxxhdpi
12-29 16:27:14.776 53272 53272 I C01406/com.zixiao.voot/OHOS::RS: RSSurfaceNode::SetAbilityState, surfaceNodeId:[228801497792514], ability state: background
12-29 16:27:14.776 53272 53272 I C03900/com.zixiao.voot/Ace: [(100000:100000:scope)] set translateManager to pipeline, instanceId:100000
12-29 16:27:14.776 53272 53272 I C0421D/com.zixiao.voot/WMSRotation: RegisterOrientationChangeListener: in
12-29 16:27:14.776 53272 53272 I C03900/com.zixiao.voot/Ace: [(100000:100000:scope)] AddPersistAfterLayoutTask size: 1
12-29 16:27:14.776 53272 53272 I C03919/com.zixiao.voot/AceInputTracking: [(100000:100000:scope)] Debug touch pass mode 0
12-29 16:27:14.777 53272 53272 W C03F00/MUSL-LDSO: load absolute_path /system/lib64/libtransform_interaction_ext.z.so: check ns accessible failed namespace=ndk.
12-29 16:27:14.777 53272 53272 W C03F00/MUSL-LDSO: load /system/lib64/libtransform_interaction_ext.z.so failed, namespace=ndk no inherits, errno=2
12-29 16:27:14.777 53272 53272 W C03F00/MUSL-LDSO: load /system/lib64/libtransform_interaction_ext.z.so failed, namespace=default, errno=2
12-29 16:27:14.777 53272 53272 W C03F00/MUSL-LDSO: dlopen_impl load library header failed for /system/lib64/libtransform_interaction_ext.z.so
12-29 16:27:14.777 53272 53272 E C03934/com.zixiao.voot/AceUIEvent: [(100000:100000:scope)] AceTransform load failed: Error loading shared library /system/lib64/libtransform_interaction_ext.z.so: No such file or directory
12-29 16:27:14.777 53272 53272 I C03937/com.zixiao.voot/AceResource: [(100000:100000:scope)] ResourceAdapter UpdateResConfig with colorMode light
12-29 16:27:14.777 53272 53272 W C03900/com.zixiao.voot/Ace: [(100000:100000:scope)] not found systemTheme in HapModuleInfo, loading default OHOS_THEME
12-29 16:27:14.777 53272 53272 I C03900/com.zixiao.voot/Ace: [(100000:100000:scope)] Cannot Get File List from resources/styles/
12-29 16:27:14.777 53272 53272 W C03900/com.zixiao.voot/Ace: [(100000:100000:scope)] GetAsset failed: resources/styles/default.json
12-29 16:27:14.782 53272 53272 I C01406/com.zixiao.voot/OHOS::RS: RSTransactionHandler::Begin syncId:0, transactionHandler:10249625989398673676, remoteTransactionDataStack.size:0
12-29 16:27:14.782 53272 53272 I C01406/com.zixiao.voot/OHOS::RS: RSTransactionHandler::Commit transactionHandler:10249625989398673676
12-29 16:27:14.782 53272 53272 I C03900/com.zixiao.voot/Ace: [(100000:100000:scope)] root node OnAttachToFrameNode, id:0
12-29 16:27:14.782 53272 53272 I C03900/com.zixiao.voot/Ace: [(100000:100000:scope)] Rosenwindow set root, rsId:228801497792515
12-29 16:27:14.782 53272 53272 I C01406/com.zixiao.voot/OHOS::RS: RSTransactionHandler::Begin syncId:0, transactionHandler:10249625989398673676, remoteTransactionDataStack.size:0
12-29 16:27:14.782 53272 53272 I C01406/com.zixiao.voot/OHOS::RS: RSTransactionHandler::Commit transactionHandler:10249625989398673676
12-29 16:27:14.782 53272 53272 I C02220/com.zixiao.voot/IntentionClient: in Connect, enter
12-29 16:27:14.782 53272 53272 I C02220/com.zixiao.voot/IntentionClient: in Connect, Connecting IntentionService success
12-29 16:27:14.782 53272 53272 I C02220/com.zixiao.voot/IntentionClient: in Connect, leave
12-29 16:27:14.783 53272 53272 E C01D02/com.zixiao.voot/accessibility_asacfwk: [(AccessibilitySystemAbilityClientImpl:57)]accessibility service is ready.
12-29 16:27:14.783 53272 53272 I C02C03/PARAM_WATCHER: Add watcher keyPrefix accessibility.config.ready remoteWatcherId 2367 success
12-29 16:27:14.784 53272 53272 I C03900/com.zixiao.voot/Ace: [(100000:100000:scope)] focusWindowId: 0, realHostWindowId: 0
12-29 16:27:14.784 53272 53272 I C03900/com.zixiao.voot/Ace: [(100000:100000:scope)] [com.zixiao.voot][entry][100000]: window focus
12-29 16:27:14.784 53272 53272 I C02C03/PARAM_WATCHER: Add watcher keyPrefix debug.graphic.frame remoteWatcherId 2367 success
12-29 16:27:14.784 53272 53272 E C03D00/cpu_boost: dev/flo open succeed.
12-29 16:27:14.785 53272 53272 I C03900/com.zixiao.voot/Ace: [(100000:100000:scope)] ArkUIInvisibleFreeze: 0
12-29 16:27:14.785 53272 53272 I C03900/com.zixiao.voot/Ace: [(100000:100000:scope)] [com.zixiao.voot][entry][100000]: SetMinPlatformVersion is 60001021
12-29 16:27:14.785 53272 53272 I C04209/com.zixiao.voot/WMSImms: RegisterAvoidAreaChangeListener: win 387
12-29 16:27:14.785 53272 53272 E C04201/com.zixiao.voot/IMockSessionManager: [nodict]Read result failed, code is: 3.
12-29 16:27:14.785 53272 53272 E C04201/com.zixiao.voot/IMockSessionManager: [nodict]Read result failed, code is: 5.
12-29 16:27:14.786 53272 53404 I C04208/com.zixiao.voot/WMSLayout: UpdateRect: id:387 name:voot0 rect:[0 0 1316 2832]->[0 0 1316 2832] reason:23 displayId:0
12-29 16:27:14.786 53272 53272 I C04209/com.zixiao.voot/WMSImms: GetAvoidAreaByType: win [387 voot0] type 0 times 1 area top [0 0 1316 136] 
12-29 16:27:14.787 53272 53272 I C04209/com.zixiao.voot/WMSImms: GetAvoidAreaByType: win [387 voot0] type 1 times 2 area top [512 37 292 83] 
12-29 16:27:14.787 53272 53272 I C04209/com.zixiao.voot/WMSImms: GetAvoidAreaByType: win [387 voot0] type 4 times 3 area bottom [427 2734 462 98] 
12-29 16:27:14.787 53272 53272 I C03917/com.zixiao.voot/AceSafeArea: [(100000:100000:scope)] InitializeSafeArea systemInsets:SafeAreaInsets left_: [start: 0, end: 0], top_: [start: 0, end: 136], right_: [start: 0, end: 0], bottom_: [start: 0, end: 0], cutoutInsets:SafeAreaInsets left_: [start: 0, end: 0], top_: [start: 37, end: 120], right_: [start: 0, end: 0], bottom_: [start: 0, end: 0], navInsets:SafeAreaInsets left_: [start: 0, end: 0], top_: [start: 0, end: 0], right_: [start: 0, end: 0], bottom_: [start: 2734, end: 2832]
12-29 16:27:14.787 53272 53272 I C0394E/com.zixiao.voot/AceWindow: [(100000:100000:scope)] Initialize displayId: 0, availableRect: [0, 0, 1316, 2832]
12-29 16:27:14.788 53272 53272 I C02504/com.zixiao.voot/thp_extra: GetStringFromFile[73]ThpExtraRunCommand fileData={
12-29 16:27:14.788 53272 53272 I C02504/com.zixiao.voot/thp_extra:     "hotzone" : {
12-29 16:27:14.788 53272 53272 I C02504/com.zixiao.voot/thp_extra:         "enable" : true,
12-29 16:27:14.788 53272 53272 I C02504/com.zixiao.voot/thp_extra:         "height" : 250,
12-29 16:27:14.788 53272 53272 I C02504/com.zixiao.voot/thp_extra:         "width" : 250
12-29 16:27:14.788 53272 53272 I C02504/com.zixiao.voot/thp_extra:     }
12-29 16:27:14.788 53272 53272 I C02504/com.zixiao.voot/thp_extra: }
12-29 16:27:14.788 53272 53272 I C03900/com.zixiao.voot/Ace: [(-2:100000:singleton)] [com.zixiao.voot][entry][100000]: Initialize: pages/Index
12-29 16:27:14.788 53272 53272 I C03900/com.zixiao.voot/Ace: [(100000:100000:scope)] RunPage:pages/Index
12-29 16:27:14.788 53272 53272 W C03900/com.zixiao.voot/Ace: [(100000:100000:scope)] GetAsset failed: manifest.json
12-29 16:27:14.788 53272 53272 I C04200/com.zixiao.voot/WMS: InitUIContent: [0, 0]
12-29 16:27:14.788 53272 53272 I C04208/com.zixiao.voot/WMSLayout: SetUIContentInner: single hand, id:387, posX:0, posY:0, scaleX:1.000000, scaleY:1.000000
12-29 16:27:14.788 53272 53272 I C04219/com.zixiao.voot/WMSDecor: UpdateDecorEnable: decorVisible:1, id: 387
12-29 16:27:14.788 53272 53272 I C03900/com.zixiao.voot/Ace: [(-2:100000:singleton)] [com.zixiao.voot][entry][100000]: UpdateWindowVisible: 1, hasDecor: 0
12-29 16:27:14.788 53272 53272 I C03900/com.zixiao.voot/Ace: [(-2:100000:singleton)] [com.zixiao.voot][entry][100000]: NotifyWindowMode mode = 1
12-29 16:27:14.788 53272 53272 I C03900/com.zixiao.voot/Ace: [(-2:100000:singleton)] [com.zixiao.voot][entry][100000]: window foreground
12-29 16:27:14.788 53272 53272 I C03900/com.zixiao.voot/Ace: [(100000:100000:scope)] Update application state , state: ON_SHOW
12-29 16:27:14.788 53272 53272 I C01406/com.zixiao.voot/OHOS::RS: RSSurfaceNode::SetAbilityState, surfaceNodeId:[228801497792514], ability state: foreground
12-29 16:27:14.788 53272 53272 I C03900/com.zixiao.voot/Ace: [(100000:100000:scope)] ArkUI requests first Vsync.
12-29 16:27:14.788 53272 53272 I C04202/com.zixiao.voot/WMSMain: RequestVsync: First vsync has requested, nodeId: 228801497792514
12-29 16:27:14.789 53272 53272 I C04208/com.zixiao.voot/WMSLayout: UpdateViewportConfig: Id: 387, reason: 0, windowRect: [0 0 1316 2832], displayOrientation: 0, config[0, 0, 0, 3.500000]
12-29 16:27:14.789 53272 53272 I C03900/com.zixiao.voot/Ace: [(-2:100000:singleton)] [com.zixiao.voot][entry][100000]: window focus
12-29 16:27:14.789 53272 53272 I C03900/com.zixiao.voot/Ace: [(-2:100000:singleton)] [com.zixiao.voot][entry][100000]:window active
12-29 16:27:14.789 53272 53272 I C04208/com.zixiao.voot/WMSLayout: NotifyAfterUIContentReady: Renotify transform, id:387, scaleX:1.000000, scaleY:1.000000
12-29 16:27:14.789 53272 53272 I C04200/com.zixiao.voot/JsWindow: CreateJsWindow voot0
12-29 16:27:14.789 53272 53272 I C0420A/com.zixiao.voot/WMSLife: JsWindow: window: voot0, ctorCnt: 1
12-29 16:27:14.790 53272 53392 I C03951/com.zixiao.voot/InputKeyFlow: [(-1:100000:singleton)] Subscribe touch.events.pass.through Event
12-29 16:27:14.790 53272 53272 I C0420A/com.zixiao.voot/WMSLife: CreateJsWindowObject: Add window voot0
12-29 16:27:14.790 53272 53272 I C04209/com.zixiao.voot/WMSImms: GetAvoidAreaByType: win [387 voot0] type 0 times 4 area top [0 0 1316 136] 
12-29 16:27:14.790 53272 53272 I C04209/com.zixiao.voot/WMSImms: GetAvoidAreaByType: win [387 voot0] type 4 times 5 area bottom [427 2734 462 98] 
12-29 16:27:14.790 53272 53272 I A03D00/com.zixiao.voot/JSAPP: [EntryAbility] loadContent success: pages/Index
12-29 16:27:14.790 53272 53272 I C04200/com.zixiao.voot/JsWindowStage: Window [387, voot0] load content end, ret=0
12-29 16:27:14.790 53272 53272 I C04209/com.zixiao.voot/WMSImms: SetLayoutFullScreenByApiVersion: win 387 status 1
12-29 16:27:14.790 53272 53272 I C03917/com.zixiao.voot/AceSafeArea: [(-2:100000:singleton)] [com.zixiao.voot][entry][100000]: SetIgnoreViewSafeArea:1
12-29 16:27:14.790 53272 53272 I C03917/com.zixiao.voot/AceSafeArea: [(100000:100000:scope)] SetIgnoreSafeArea 1
12-29 16:27:14.790 53272 53272 I C03900/com.zixiao.voot/Ace: [(100000:100000:scope)] Update application state , state: ON_ACTIVE
12-29 16:27:14.791 53272 53272 I C01D02/com.zixiao.voot/accessibility_asacfwk: [(SubscribeStateObserver:551)]Observer has subscribed!
12-29 16:27:14.791 53272 53272 I C01D02/com.zixiao.voot/accessibility_asacfwk: [(SubscribeStateObserver:551)]Observer has subscribed!
12-29 16:27:14.791 53272 53272 I C01D02/com.zixiao.voot/accessibility_asacfwk: [(SubscribeStateObserver:551)]Observer has subscribed!
12-29 16:27:14.791 53272 53272 I C0391C/com.zixiao.voot/AceFocus: [(100000:100000:scope)] Window: 387 get focus.
12-29 16:27:14.791 53272 53272 W C0391C/com.zixiao.voot/AceFocus: [(100000:100000:scope)] Current focus view can not found!
12-29 16:27:14.791 53272 53272 I C0391C/com.zixiao.voot/AceFocus: [(100000:100000:scope)] Request focus on rootFocusHub: root/0
12-29 16:27:14.791 53272 53272 I C04208/com.zixiao.voot/WMSLayout: UpdateViewportConfig: Id: 387, reason: 23, windowRect: [0 0 1316 2832], displayOrientation: 0, config[0, 0, 0, 3.500000]
12-29 16:27:14.791 53272 53272 I C03925/com.zixiao.voot/AceRouter: [(100000:100000:scope)] Page router manager is creating page[1]: url: pages/Index path: pages/Index.js, recoverable: yes, namedRouter: no
12-29 16:27:14.794 53272 53385 I C01711/com.zixiao.voot/CONTINUOUS_TASK: [StartBackgroundRunningExecuteCB:288] notification 947, continuousTaskId 1829
12-29 16:27:14.795 53272 53394 I C02C03/PARAM_WATCHER: Add watcher keyPrefix persist.ace.trace.layout.enabled remoteWatcherId 2367 success
12-29 16:27:14.795 53272 53394 I C02C03/PARAM_WATCHER: Add watcher keyPrefix persist.ace.trace.inputevent.enabled remoteWatcherId 2367 success
12-29 16:27:14.796 53272 53394 I C02C03/PARAM_WATCHER: Add watcher keyPrefix const.security.developermode.state remoteWatcherId 2367 success
12-29 16:27:14.797 53272 53394 I C02C03/PARAM_WATCHER: Add watcher keyPrefix persist.ace.debug.statemgr.enabled remoteWatcherId 2367 success
12-29 16:27:14.803 53272 53272 I C015B0/com.zixiao.voot/NETSTACK: [napi_utils.cpp:759] newId = 1, id = 2
12-29 16:27:14.805 53272 53394 I C02C03/PARAM_WATCHER: Add watcher keyPrefix persist.ace.debug.boundary.enabled remoteWatcherId 2367 success
12-29 16:27:14.805 53272 53272 I C015B0/com.zixiao.voot/NETSTACK: [http_module.cpp:64] IsAtomicService bundleName is com.zixiao.voot, isAtomicService is 0
12-29 16:27:14.807 53272 53272 I C015B0/com.zixiao.voot/NetMgrSubSystem: newId = 1, id = 2
12-29 16:27:14.816 53272 53394 I C02C03/PARAM_WATCHER: Add watcher keyPrefix persist.ace.performance.monitor.enabled remoteWatcherId 2367 success
12-29 16:27:14.816 53272 53272 I C01405/com.zixiao.voot/EffectKit: ColorPicker Napi CALL
12-29 16:27:14.816 53272 53272 I C01405/com.zixiao.voot/EffectKit: Init success
12-29 16:27:14.817 53272 53394 I C02C03/PARAM_WATCHER: Add watcher keyPrefix persist.gesture.smart_gesture_enable remoteWatcherId 2367 success
12-29 16:27:14.817 53272 53272 W C03F01/com.zixiao.voot/NAPI: [FindNativeModuleByCache] moduleName 'collaboration.rcp' is in different path
12-29 16:27:14.818 53272 53383 I C02D07/com.zixiao.voot/ObserverMgr: succ to register application state callback
12-29 16:27:14.819 53272 53383 I C02D07/com.zixiao.voot/ModuleLoader: succ to load module=/system/lib64/libha_app_event.z.so.
12-29 16:27:14.819 53272 53394 W C01650/com.zixiao.voot/Rdb: RdbStoreManager[IsConfigInvalidChanged]: no bundleName
12-29 16:27:14.820 53272 53394 E C01650/com.zixiao.voot/Rdb: RdbStoreManager[IsSupportSilentFromService]: GetRdbService failed, err is 27394049.
12-29 16:27:14.821 53272 53394 I C01630/com.zixiao.voot/DistributedDB: [TimeHelper] init
12-29 16:27:14.821 53272 53394 I C01630/com.zixiao.voot/DistributedDB: [TimeHelper] init
12-29 16:27:14.822 53272 53394 I C01650/com.zixiao.voot/Rdb: Config[Log]: Error(283) recovered 17 frames from WAL file /dat***/sto***/e**/bas***/fil***/hia***ent/dat***ses/app***.db-wal 
12-29 16:27:14.824 53272 53394 I C01650/com.zixiao.voot/Rdb: ConnectionPool[Create]: code:0 app[:] area[el2] cfg[0,0,0,0,1,0,0]app***.db:<DB,0xb58a4,36864,100660><DWR,0xb6569,12288,100660><SHM,0xa4d1f,32768,100660><WAL,0x4a803,420272,100660>, pathSize:61
12-29 16:27:14.828 53272 53272 I C02100/com.zixiao.voot/AI_TEXT: [(RegisterEntryModule)]init text to speeech register called.
12-29 16:27:14.828 53272 53272 W C03F01/com.zixiao.voot/NAPI: [FindNativeModuleByDisk] mismatch: moduleName is ai.textToSpeech, name is ai.texttospeech
12-29 16:27:14.828 53272 53394 I C02D07/com.zixiao.voot/Store: create db store successfully
12-29 16:27:14.828 53272 53272 I C02100/com.zixiao.voot/AI_TEXT: [(TtsExport)]init text to speech js success.
12-29 16:27:14.828 53272 53394 I C02D07/com.zixiao.voot/ObserverDao: succ to query observer seq=2, name=ha_app_event, hash=-1070249184146722779
12-29 16:27:14.830 53272 53383 I C02D07/com.zixiao.voot/ObserverMgr: register processor=2 successfully
12-29 16:27:14.830 53272 53427 I C03301/com.zixiao.voot/LIBUV: init:7680
12-29 16:27:14.830 53272 53426 I C03F00/com.zixiao.voot/ArkCompiler: [pgo] initializing pgo profiler, pgo is disabled, worker is enabled, profiler: 0
12-29 16:27:14.831 53272 53427 I C03301/com.zixiao.voot/LIBUV: init:7680, backend_fd:66
12-29 16:27:14.831 53272 53427 I C03301/com.zixiao.voot/LIBUV: open:7680, pipefd[0]:69
12-29 16:27:14.832 53272 53272 I C03F01/com.zixiao.voot/NAPI: [RegisterByBuffer] Module name is 'arkui.node'
12-29 16:27:14.833 53272 53427 I C03F01/com.zixiao.voot/NAPI: taskpool:: threads: 1, running: 1, idle: 0, timeout: 0
12-29 16:27:14.837 53272 53426 I C03F01/com.zixiao.voot/NAPI: [ArkNativeEngine] Created, id 2
12-29 16:27:14.837 53272 53426 I C03301/com.zixiao.voot/LIBUV: init:7344
12-29 16:27:14.837 53272 53426 I C03301/com.zixiao.voot/LIBUV: init:7344, backend_fd:70
12-29 16:27:14.837 53272 53426 I C03301/com.zixiao.voot/LIBUV: open:7344, pipefd[0]:73
12-29 16:27:14.837 53272 53426 I C01E00/com.zixiao.voot/GLOBAL_I18N: RegisterIntl: Replace buildin Intl Success.
12-29 16:27:14.838 53272 53426 W C03F00/com.zixiao.voot/ArkCompiler: [ecmascript] invalid size of the string cache table or the table has been registered.
12-29 16:27:14.838 53272 53426 W C03F00/com.zixiao.voot/ArkCompiler: [ecmascript] Currently, maximum size of the table is 150
12-29 16:27:14.839 53272 53426 I C03900/com.zixiao.voot/Ace: [(-1:100000:singleton)] preload js enums in PreloadAceModuleWorker
12-29 16:27:14.840 53272 53272 I C01D10/com.zixiao.voot/accessibility_napi: [(AccessibleAbilityConstructorStyle:1240)]
12-29 16:27:14.840 53272 53272 I C01D10/com.zixiao.voot/accessibility_napi: [(Init:283)]-----Init end------
12-29 16:27:14.846 53272 53426 I C01321/com.zixiao.voot/JsRuntime: [js_runtime_common80]debug mode is 1, debug app is 0
12-29 16:27:14.846 53272 53426 I C01321/com.zixiao.voot/JsRuntime: [js_runtime_common83]Create instanceId is 53426
12-29 16:27:14.846 53272 53426 W C01321/com.zixiao.voot/JsRuntime: [CSM257]not Connected
12-29 16:27:14.846 53272 53426 W C01321/com.zixiao.voot/JsRuntime: [CSM162]not Connected
12-29 16:27:14.846 53272 53426 I C03F00/com.zixiao.voot/ArkCompiler: [ecmascript] JSNApi::NotifyDebugMode, tid = 53426, debugApp = 0, isDebugMode = 0, instanceId = 53426
12-29 16:27:14.847 53272 53272 I C03F01/com.zixiao.voot/NAPI: [LoadNativeModule] key is default/sherpa_onnx
12-29 16:27:14.850 53272 53272 I C03F01/com.zixiao.voot/NAPI: [Register] Tail module name is 'default/sherpa_onnx'
12-29 16:27:14.851 53272 53272 I C03F01/com.zixiao.voot/NAPI: [RegisterByBuffer] Module name is 'hds.hdsBaseComponent'
12-29 16:27:14.853 53272 53272 W C03F01/com.zixiao.voot/NAPI: [FindNativeModuleByDisk] mismatch: moduleName is hms.hds.HdsBaseComponentNapi, name is hds.HdsBaseComponentNapi
12-29 16:27:14.853 53272 53272 I C03F01/com.zixiao.voot/NAPI: [RegisterByBuffer] Module name is 'hds.hdsvisualeffects'
12-29 16:27:14.856 53272 53272 W C03F01/com.zixiao.voot/NAPI: [FindNativeModuleByDisk] mismatch: moduleName is hms.hds.HdsVisualEffectsNapi, name is hds.HdsVisualEffectsNapi
12-29 16:27:14.856 53272 53272 I C03900/com.zixiao.voot/HDS_EFFECT: [hds_effect_napi.cpp-InitDotController:817]HDSEffectNapi::InitDotController
12-29 16:27:14.861 53272 53272 I C01656/com.zixiao.voot/UDMF: UDMFUniformTypModule::RegisterUDMFUnifiedDataModule module register data.uniformTypeDescriptor
12-29 16:27:14.863 53272 53272 I C01656/com.zixiao.voot/UDMF: UDMFUniformTypModule::Init init TypeDescriptor 0
12-29 16:27:14.864 53272 53272 W C03F01/com.zixiao.voot/NAPI: [FindNativeModuleByDisk] mismatch: moduleName is systemParameterEnhance, name is systemParameterV9
12-29 16:27:14.865 53272 53272 I C02401/com.zixiao.voot/USER_AUTH_NAPI: [UserAuthInit@user_auth_entry.cpp:1044] start
12-29 16:27:14.865 53272 53272 I C02401/com.zixiao.voot/USER_AUTH_NAPI: [GetCtor@user_auth_entry.cpp:1011] start
12-29 16:27:14.869 53272 53272 I C02300/com.zixiao.voot/LocationHiAppEvent: [(LocationHiAppEvent:29)]ability constructed.
12-29 16:27:14.875 53272 53272 I C01324/com.zixiao.voot/JsNapi: [js_error_manager1428]called
12-29 16:27:14.876 53272 53433 W C02D07/com.zixiao.voot/Verify: invalid configName=
12-29 16:27:14.876 53272 53433 I C02D07/com.zixiao.voot/ObserverDao: succ to query observer seq=1, name=ha_app_event, hash=1915457907267372477
12-29 16:27:14.877 53272 53433 I C02D07/com.zixiao.voot/ObserverMgr: register processor=1 successfully
12-29 16:27:14.881 53272 53272 I C04611/com.zixiao.voot/SystemShareNapi: [SystemShareNativeModule.cpp] Init# native module Init start.
12-29 16:27:14.881 53272 53272 I C04611/com.zixiao.voot/SystemShareNapi: [SystemShareNativeModule.cpp] Init# native module Init end.
12-29 16:27:14.891 53272 53272 I C04500/com.zixiao.voot/webview: Init: begin to init native media player napi properties
