01-03 17:18:21.529  7742  7742 W C02d07/NapiProcessor: Parameter error. The configName parameter is invalid.
01-03 17:18:21.529  7742  7742 I C02d07/ObserverMgr: register processor=1 exit
01-03 17:18:21.531  7742  7742 I C01324/JsNapi: [js_error_manager1420]called
01-03 17:18:21.539  7742  7742 E C01707/CONCUR: [Interface] task 8055 apply qos failed, errno = 4
01-03 17:18:21.541  7742  7742 E C01707/CONCUR: [Interface] task 8056 apply qos failed, errno = 4
01-03 17:18:21.544  7742  7742 E C01707/CONCUR: [Interface] task 8054 apply qos failed, errno = 4
01-03 17:18:21.546  7742  7742 E C01707/CONCUR: [Interface] task 8055 apply qos failed, errno = 4
01-03 17:18:21.546  7742  7742 E C01707/CONCUR: [Interface] task 8056 apply qos failed, errno = 4
01-03 17:18:21.546  7742  7742 E C01707/CONCUR: [Interface] task 8054 apply qos failed, errno = 4
01-03 17:18:21.557  7742  7742 E C01707/CONCUR: [Interface] task 8055 apply qos failed, errno = 4
01-03 17:18:21.559  7742  7742 E C01707/CONCUR: [Interface] task 8056 apply qos failed, errno = 4
01-03 17:18:21.561  7742  7742 E C01707/CONCUR: [Interface] task 8054 apply qos failed, errno = 4
01-03 17:18:21.565  7742  7742 E C01707/CONCUR: [Interface] task 8055 apply qos failed, errno = 4
01-03 17:18:21.567  7742  7742 E C01707/CONCUR: [Interface] task 8056 apply qos failed, errno = 4
01-03 17:18:21.570  7742  7742 E C01707/CONCUR: [Interface] task 8054 apply qos failed, errno = 4
01-03 17:18:21.571  7742  7742 I C04500/webview: Init: begin to init native media player napi properties
01-03 17:18:21.571  7742  7742 I C04500/webview: Init: [PROXYCONTROLLER] NapiProxyConfig::Init is called
01-03 17:18:21.571  7742  7742 I C03f01/NAPI: [RegisterByBuffer] Module name is 'file.photoAccessHelper'
01-03 17:18:21.573  7742  7742 E C01707/CONCUR: [Interface] task 8055 apply qos failed, errno = 4
01-03 17:18:21.575  7742  7742 E C01707/CONCUR: [Interface] task 8056 apply qos failed, errno = 4
01-03 17:18:21.577  7742  7742 E C01707/CONCUR: [Interface] task 8054 apply qos failed, errno = 4
01-03 17:18:21.579  7742  7742 E C01707/CONCUR: [Interface] task 8055 apply qos failed, errno = 4
01-03 17:18:21.582  7742  7742 E C01707/CONCUR: [Interface] task 8056 apply qos failed, errno = 4
01-03 17:18:21.583  7742  7742 E C01707/CONCUR: [Interface] task 8054 apply qos failed, errno = 4
01-03 17:18:21.584  7742  7742 W C03f01/NAPI: [FindNativeModuleByDisk] mismatch: moduleName is file.photoAccessHelperNative, name is file.photoAccessHelper
01-03 17:18:21.585  7742  7742 I C02b01/CAMERA: {Onload():63} CameraPickerNapi::OnLoad
01-03 17:18:21.586  7742  7742 I C02b01/CAMERA: {Init():463} CameraPickerNapi::Init is called
01-03 17:18:21.586  7742  7742 W C03f01/NAPI: [FindNativeModuleByDisk] mismatch: moduleName is web.webnativemessagingextensionmanager_napi, name is web.webNativeMessagingExtensionManager
01-03 17:18:21.587  7742  7742 I C04611/SystemShareNapi: [SystemShareNativeModule.cpp] Init# native module Init start.
01-03 17:18:21.588  7742  7742 I C04611/SystemShareNapi: [SystemShareNativeModule.cpp] Init# native module Init end.
01-03 17:18:21.588  7742  7742 W C03f01/NAPI: [GetFileBuffer] /system/etc/abc/ai/documentscanner.abc is not existed.
01-03 17:18:21.588  7742  7742 W C03f01/NAPI: [FindNativeModuleByDisk] First attempt: load app module failed. do_dlsym failed: Symbol not found: NAPI_collaboration_systemShare_GetABCCode, version: null so=/system/lib64/module/hms/collaboration/libsystemshare.z.so
01-03 17:18:21.588  7742  7742 W C03f01/NAPI: Second attempt: load app module failed. Error loading path /system/lib64/module/hms/ai/libdocumentscanner_napi.z.so:No such file or directory
01-03 17:18:21.588  7742  7742 W C03f01/NAPI: try to load abc file from /system/etc/abc/ai/documentscanner.abc failed
01-03 17:18:21.588  7742  7742 E C03f00/ArkCompiler: [default] [LoadNativeModule:485] export objects of native so is undefined, so name is @hms:ai.DocumentScanner
01-03 17:18:21.588  7742  7742 I C03f00/ArkCompiler: [default] [EvaluateNativeModule:505] LoadNativeModule @hms:ai.DocumentScanner failed
01-03 17:18:21.588  7742  7742 W C03f01/NAPI: [GetFileBuffer] /system/etc/abc/ai/ocr/textrecognition.abc is not existed.
01-03 17:18:21.588  7742  7742 W C03f01/NAPI: [FindNativeModuleByDisk] First attempt: load app module failed. Error loading path /system/lib64/module/hms/ai/ocr/libtextrecognition.z.so:No such file or directory
01-03 17:18:21.588  7742  7742 W C03f01/NAPI: Second attempt: load app module failed. Error loading path /system/lib64/module/hms/ai/ocr/libtextrecognition_napi.z.so:No such file or directory
01-03 17:18:21.588  7742  7742 W C03f01/NAPI: try to load abc file from /system/etc/abc/ai/ocr/textrecognition.abc failed
01-03 17:18:21.588  7742  7742 E C03f00/ArkCompiler: [default] [LoadNativeModule:485] export objects of native so is undefined, so name is @hms:ai.ocr.textRecognition
01-03 17:18:21.588  7742  7742 I C03f00/ArkCompiler: [default] [EvaluateNativeModule:505] LoadNativeModule @hms:ai.ocr.textRecognition failed
01-03 17:18:21.590  7742  8060 I C01653/NativePreferences: XmlReadFile: file:/***/el2/***/pers***rage, m:0.
01-03 17:18:21.592  7742  7742 I C04500/webview: JsConstructor: NapiWebviewController::JsConstructor start
01-03 17:18:21.593  7742  7742 I C04500/webview: Init: [webview]: init load resources bundle path /data/storage/el1/bundle
01-03 17:18:21.593  7742  7742 I C04500/webview: GetArkwebLibPath: get arkweb lib path: /data/storage/el1/bundle/arkwebcore/libs/x86_64
01-03 17:18:21.593  7742  7742 I C04500/webview: GetArkwebNameSpace: get arkweb name space: nweb_ns
01-03 17:18:21.605  7742  7742 I C04500/webview: ArkWebBridgeHelperLoadLibFile: succeed to load lib file /data/storage/el1/bundle/arkwebcore/libs/x86_64/libarkweb_engine.so
01-03 17:18:21.605  7742  7742 I C04500/webview: ArkWebBridgeHelperSharedInit: g_webEngineInitFlag set to true. setActiveWebEngineVersion will be ignored.
01-03 17:18:21.606  7742  7742 I C04500/webview: GetWebEngine: call func NotifyProcessDependedOnWeb and return code is 0
01-03 17:18:21.606  7742  7742 E C04500/webview: GetWebEngine: api level of arkweb core is 0
01-03 17:18:21.606  7742  7742 I A04500/chromium: [arkweb_native_object.cc:136] NativeArkWeb BindWebTagToWebInstance webTag:arkweb:0
01-03 17:18:21.607  7742  7742 I A03d00/JSAPP: [VerificationCheck] Starting verification and IP check...
01-03 17:18:21.607  7742  7742 I C05a01/ATM: [ParseRequestPermissionFromUser:645]AsyncContext.uiAbilityFlag is: 1.
01-03 17:18:21.607  7742  7742 I C05a01/ATM: [ParseStringArray:136]Array size is 1
01-03 17:18:21.608  7742  8073 I C05a01/ATM: [IsDynamicRequest:435]TokenID: 537494200, bundle: com.huawei.hmos.security.privacycenter, uiExAbility: PermissionGrantAbility, serExAbility: PermissionServiceGrantAbility.
01-03 17:18:21.608  7742  8073 I C05a01/ATM: [IsDynamicRequest:439]Permission: ohos.permission.MICROPHONE: state: 0, errorReason: 0
01-03 17:18:21.608  7742  8073 I C05a01/ATM: [RequestPermissionsFromUserExecute:699]It does not need to request permission
01-03 17:18:21.608  7742  7742 I A06666/sherpa_onnx: OfflineRecognizerConfig(feat_config=FeatureExtractorConfig(sampling_rate=16000, feature_dim=80, low_freq=20, high_freq=-400, dit
01-03 17:18:21.608  7742  7742 I A06666/sherpa_onnx: <private>
01-03 17:18:21.608  7742  7742 I A06666/sherpa_onnx: her=0, normalize_samples=True, snip_edges=False), model_config=OfflineModelConfig(transducer=OfflineTransducerModelConfig(encode
01-03 17:18:21.608  7742  7742 I A06666/sherpa_onnx: <private>
01-03 17:18:21.608  7742  7742 I A06666/sherpa_onnx: r_filename="", decoder_filename="", joiner_filename=""), paraformer=OfflineParaformerModelConfig(model=""), nemo_ctc=OfflineNemo
01-03 17:18:21.608  7742  7742 I A06666/sherpa_onnx: <private>
01-03 17:18:21.608  7742  7742 I A06666/sherpa_onnx: EncDecCtcModelConfig(model=""), whisper=OfflineWhisperModelConfig(encoder="", decoder="", language="", task="transcribe", tail_p
01-03 17:18:21.608  7742  7742 I A06666/sherpa_onnx: <private>
01-03 17:18:21.608  7742  7742 I A06666/sherpa_onnx: addings=-1), fire_red_asr=OfflineFireRedAsrModelConfig(encoder="", decoder=""), tdnn=OfflineTdnnModelConfig(model=""), zipformer
01-03 17:18:21.608  7742  7742 I A06666/sherpa_onnx: <private>
01-03 17:18:21.608  7742  7742 I A06666/sherpa_onnx: _ctc=OfflineZipformerCtcModelConfig(model=""), wenet_ctc=OfflineWenetCtcModelConfig(model=""), sense_voice=OfflineSenseVoiceMode
01-03 17:18:21.608  7742  7742 I A06666/sherpa_onnx: <private>
01-03 17:18:21.608  7742  7742 I A06666/sherpa_onnx: lConfig(model="", language="", use_itn=False), moonshine=OfflineMoonshineModelConfig(preprocessor="rawfile/sherpa-onnx-moonshine
01-03 17:18:21.608  7742  7742 I A06666/sherpa_onnx: <private>
01-03 17:18:21.608  7742  7742 I A06666/sherpa_onnx: -tiny-en-int8/preprocess.onnx", encoder="rawfile/sherpa-onnx-moonshine-tiny-en-int8/encode.int8.onnx", uncached_decoder="rawfile
01-03 17:18:21.608  7742  7742 I A06666/sherpa_onnx: <private>
01-03 17:18:21.608  7742  7742 I A06666/sherpa_onnx: /sherpa-onnx-moonshine-tiny-en-int8/uncached_decode.int8.onnx", cached_decoder="rawfile/sherpa-onnx-moonshine-tiny-en-int8/cache
01-03 17:18:21.608  7742  7742 I A06666/sherpa_onnx: <private>
01-03 17:18:21.608  7742  7742 I A06666/sherpa_onnx: d_decode.int8.onnx"), dolphin=OfflineDolphinModelConfig(model=""), canary=OfflineCanaryModelConfig(encoder="", decoder="", src_l
01-03 17:18:21.608  7742  7742 I A06666/sherpa_onnx: <private>
01-03 17:18:21.608  7742  7742 I A06666/sherpa_onnx: ang="", tgt_lang="", use_pnc=True), omnilingual=OfflineOmnilingualAsrCtcModelConfig(model=""), telespeech_ctc="", tokens="rawfil
01-03 17:18:21.608  7742  7742 I A06666/sherpa_onnx: <private>
01-03 17:18:21.608  7742  7742 I A06666/sherpa_onnx: e/sherpa-onnx-moonshine-tiny-en-int8/tokens.txt", num_threads=2, debug=True, provider="cpu", model_type="moonshine", modeling_un
01-03 17:18:21.608  7742  7742 I A06666/sherpa_onnx: <private>
01-03 17:18:21.608  7742  7742 I A06666/sherpa_onnx: it="bpe", bpe_vocab=""), lm_config=OfflineLMConfig(model="", scale=1, lodr_scale=0.01, lodr_fst="", lodr_backoff_id=-1), ctc_fst
01-03 17:18:21.608  7742  7742 I A06666/sherpa_onnx: <private>
01-03 17:18:21.608  7742  7742 I A06666/sherpa_onnx: _decoder_config=OfflineCtcFstDecoderConfig(graph="", max_active=3000), decoding_method="greedy_search", max_active_paths=4, hotw
01-03 17:18:21.608  7742  7742 I A06666/sherpa_onnx: <private>
01-03 17:18:21.608  7742  7742 I A06666/sherpa_onnx: ords_file="", hotwords_score=1.5, blank_penalty=0, rule_fsts="", rule_fars="", hr=HomophoneReplacerConfig(lexicon="", rule_fsts=
01-03 17:18:21.608  7742  7742 I A06666/sherpa_onnx: <private>
01-03 17:18:21.608  7742  7742 I A06666/sherpa_onnx: ""))
01-03 17:18:21.608  7742  7742 I A06666/sherpa_onnx: <private>
01-03 17:18:22.666  7742  7742 I C01331/Context: [js_ability_context2663]info.argc: 2
01-03 17:18:22.666  7742  7742 I C01331/Context: [js_ability_context2716]called
01-03 17:18:22.666  7742  7742 I C01331/Context: [ability_context_impl909]called, state: 0
01-03 17:18:22.666  7742  7742 I C01336/AMS: [AMC1396]SetMissionContinueState called. state: 0
01-03 17:18:22.666  7742  7742 I C01336/AMS: [AMC1403]scb call, SetMissionContinueState
01-03 17:18:22.666  7742  8060 I C01653/NativePreferences: XmlReadFile: file:/***/el2/***/voot***nfig, m:0.
01-03 17:18:22.666  7742  7742 I C01332/UIAbility: [JUA2247]window SetContinueState, state: 0.
01-03 17:18:22.666  7742  7742 I C01331/Context: [ability_context_impl923]SetContinueState, state: 0.
01-03 17:18:22.666  7742  7742 I C01331/Context: [js_ability_context2737]end
01-03 17:18:22.667  7742  7742 W C03926/AceTheme: [(100000:100000:scope)] style 125829872 not contains sheet_pattern!
01-03 17:18:22.668  7742  7742 W C03926/AceTheme: [(100000:100000:scope)] style sheet_pattern not contains corner_radius_none!
01-03 17:18:22.668  7742  7742 E C03949/AceSheet: [(100000:100000:scope)] radius is not correct type
01-03 17:18:22.668  7742  7742 W C03926/AceTheme: [(100000:100000:scope)] style 125829872 not contains image_pattern!
01-03 17:18:22.669  7742  7742 W C03926/AceTheme: [(100000:100000:scope)] style 125829872 not contains app_theme_pattern!
01-03 17:18:22.669  7742  7742 E C01e00/ResourceManager: ref <private> id not found
01-03 17:18:22.669  7742  7742 E C01e00/ResourceManager: ref <private> id not found
01-03 17:18:22.669  7742  7742 W C03937/AceResource: [(100000:100000:scope)] Get pattern by name error, name=app_theme_pattern
01-03 17:18:22.669  7742  7742 E C01e00/ResourceManager: ref <private> id not found
01-03 17:18:22.669  7742  7742 E C01e00/ResourceManager: ref <private> id not found
01-03 17:18:22.669  7742  7742 W C03937/AceResource: [(100000:100000:scope)] Get pattern by name error, name=app_theme_pattern
01-03 17:18:22.670  7742  7742 W C03926/AceTheme: [(100000:100000:scope)] style 125829872 not contains tab_pattern!
01-03 17:18:22.673  7742  7742 W C03926/AceTheme: [(100000:100000:scope)] style tab_pattern not contains default_tab_bar_name!
01-03 17:18:22.673  7742  7742 W C03926/AceTheme: [(100000:100000:scope)] style tab_pattern get attr dialog_radius_level10 error!
01-03 17:18:22.673  7742  7742 W C03926/AceTheme: [(100000:100000:scope)] style tab_pattern get attr dialog_icon_primary error!
01-03 17:18:22.673  7742  7742 W C03926/AceTheme: [(100000:100000:scope)] style tab_pattern get attr dialog_font_primary error!
01-03 17:18:22.673  7742  7742 W C03926/AceTheme: [(100000:100000:scope)] style 125829872 not contains swiper_pattern!
01-03 17:18:22.674  7742  7742 W C03926/AceTheme: [(100000:100000:scope)] style swiper_pattern get attr swiper_focus_style_type error!
01-03 17:18:22.674  7742  7742 W C03926/AceTheme: [(100000:100000:scope)] style swiper_pattern not contains swiper_indicator_drag_min_angle!
01-03 17:18:22.674  7742  7742 W C03926/AceTheme: [(100000:100000:scope)] style swiper_pattern not contains swiper_indicator_drag_max_angle!
01-03 17:18:22.674  7742  7742 E C03900/HDS_tabs: [hds_tabs_napi.cpp-GetTabsIndex:84]GetTabsIndex unknown index type
01-03 17:18:22.674  7742  7742 E C03900/HDS_tabs: [hds_tabs_napi.cpp-GetTabBarPosition:100]GetTabBarPosition barPosition is not a number
01-03 17:18:22.675  7742  7742 W C03926/AceTheme: [(100000:100000:scope)] style 125829872 not contains hmos_hds_tab_pattern!
01-03 17:18:22.675  7742  7742 E C01e00/ResourceManager: GetPatternByName error name = ohos_hmos_hds_tab_pattern
01-03 17:18:22.675  7742  7742 W C03937/AceResource: [(100000:100000:scope)] Get pattern by name error, name=hmos_hds_tab_pattern
01-03 17:18:22.675  7742  7742 W C03926/AceTheme: [(100000:100000:scope)] style hmos_hds_tab_pattern get attr tab_bar_mask_color_default error!
01-03 17:18:22.676  7742  7742 W C03926/AceTheme: [(100000:100000:scope)] style 125829872 not contains focus_animation_pattern!
01-03 17:18:22.676  7742  7742 W C03926/AceTheme: [(100000:100000:scope)] style 125829872 not contains aging_adapation_dialog_pattern!
01-03 17:18:22.676  7742  7742 W C03926/AceTheme: [(100000:100000:scope)] style text_pattern not contains linear_split_child_min_size!
01-03 17:18:22.676  7742  7742 W C03926/AceTheme: [(100000:100000:scope)] style text_pattern not contains menu_celia_ask_is_support!
01-03 17:18:22.679  7742  7742 I C0391c/AceFocus: [(100000:100000:scope)] view: page/2 show
01-03 17:18:22.679  7742  7742 I C03922/AceNavigation: [(100000:100000:scope)] can't find inner navigation
01-03 17:18:22.679  7742  7742 I C03933/AceKeyboard: [(100000:100000:scope)] StageManager FrameNode notNeedSoftKeyboard.
01-03 17:18:22.679  7742  7742 I C03933/AceKeyboard: [(100000:100000:scope)] Container not SceneBoardWindow.
01-03 17:18:22.679  7742  7742 I C03925/AceRouter: [(100000:100000:scope)] LoadPage Success
01-03 17:18:22.680  7742  7742 I C02d06/XCollie: success to submit start trace
01-03 17:18:22.680  7742  7742 I C02d06/XCollie: MainThread TraceCollector Start result: 0, Duration Time: 1348 ms
01-03 17:18:22.681  7742  8051 I C02d10/HiViewRemoteService: GetHiViewRemoteService: refresh remote service instance.
01-03 17:18:22.683  7742  7742 I A03d00/JSAPP: [Index] setMissionContinueState ACTIVE result: {"code":0}
01-03 17:18:22.684  7742  7742 I C0392a/AceUiExtensionComponent: [(-2:100000:singleton)] NotifyWindowMode aliveUIExtensions = 0
01-03 17:18:22.684  7742  7742 I C0394e/AceWindow: [(100000:100000:scope)] Update displayWindowRect in UpdateViewportConfig to : Rect (0.00, 0.00) - [2240.00 x 2440.00]
01-03 17:18:22.684  7742  7742 I C03917/AceSafeArea: [(100000:100000:scope)] SetIsFullScreen 1
01-03 17:18:22.685  7742  7742 I C03900/Ace: [(100000:100000:scope)] Root node request first frame.
01-03 17:18:22.685  7742  7742 I C03900/Ace: [(100000:100000:scope)] Update application state , state: ON_ACTIVE
01-03 17:18:22.685  7742  7742 I C01d02/accessibility_asacfwk: [(SubscribeStateObserver:547)]Observer has subscribed!
01-03 17:18:22.685  7742  7742 I C01d02/accessibility_asacfwk: [(SubscribeStateObserver:547)]Observer has subscribed!
01-03 17:18:22.685  7742  7742 I C01d02/accessibility_asacfwk: [(SubscribeStateObserver:547)]Observer has subscribed!
01-03 17:18:22.685  7742  7742 I C0391c/AceFocus: [(100000:100000:scope)] Window: 55 get focus.
01-03 17:18:22.685  7742  7742 I C03900/Ace: [(100000:100000:scope)] Update application state , state: ON_ACTIVE
01-03 17:18:22.685  7742  7742 I C01d02/accessibility_asacfwk: [(SubscribeStateObserver:547)]Observer has subscribed!
01-03 17:18:22.685  7742  7742 I C01d02/accessibility_asacfwk: [(SubscribeStateObserver:547)]Observer has subscribed!
01-03 17:18:22.685  7742  7742 I C01d02/accessibility_asacfwk: [(SubscribeStateObserver:547)]Observer has subscribed!
01-03 17:18:22.686  7742  7742 W C04202/WMSMain: OnVsyncTimeOut: in
01-03 17:18:22.686  7742  7742 I C01356/Recovery: [app_recovery468]fileDir: /data/storage/el2/base/files
01-03 17:18:22.686  7742  7742 I C04202/WMSMain: VsyncCallbackInner: First vsync has come back, nodeId: 33251636805634
01-03 17:18:22.687  7742  7742 I C01408/Text: InitTextBundleConfig: Adapter text height enabled 0
01-03 17:18:22.688  7742  7742 W C03926/AceTheme: [(100000:100000:scope)] style 125829872 not contains divider_pattern!
01-03 17:18:22.690  7742  7742 E C03922/AceNavigation: [(100000:100000:scope)] current stack is not navPathStack
01-03 17:18:22.690  7742  7742 W C03926/AceTheme: [(100000:100000:scope)] style 125829872 not contains navigation_bar_pattern!
01-03 17:18:22.691  7742  7742 W C03926/AceTheme: [(100000:100000:scope)] style navigation_bar_pattern not contains title_sapce_vertical!
01-03 17:18:22.691  7742  7742 I C03922/AceNavigation: [(100000:100000:scope)] navigation necessary to immediately trigger a refresh
01-03 17:18:22.691  7742  7742 E C03949/AceSheet: [(100000:100000:scope)] radius is not correct type
01-03 17:18:22.692  7742  7742 W C03f01/NAPI: [FindNativeModuleByDisk] mismatch: moduleName is graphics.uiEffect, name is uieffect
01-03 17:18:22.692  7742  7742 I C03900/HDS_EFFECT: [hds_effect_napi.cpp-SetPointLight:240]HDSEffectNapi SetPointLightfuc 
01-03 17:18:22.692  7742  7742 I C03900/HDS_EFFECT: [hds_effect_napi.cpp-SetPointLight:268]HDSEffectNapi SetPointLight sourceType 0
01-03 17:18:22.692  7742  7742 I C03900/HDS_EFFECT: [hds_effect_napi.cpp-SetPointLight:277]HDSEffectNapi SetLightSource positionX success 50.00%
01-03 17:18:22.692  7742  7742 I C03900/HDS_EFFECT: [hds_effect_napi.cpp-SetPointLight:278]HDSEffectNapi SetLightSource positionY success 50.00%
01-03 17:18:22.692  7742  7742 I C03900/HDS_EFFECT: [hds_effect_napi.cpp-SetPointLight:279]HDSEffectNapi SetLightSource positionZ success 0.00px
01-03 17:18:22.692  7742  7742 I C03900/HDS_EFFECT: [hds_effect_napi.cpp-SetPointLight:280]HDSEffectNapi SetLightSource intensity success 0.000000
01-03 17:18:22.692  7742  7742 I C03900/HDS_EFFECT: [hds_effect_napi.cpp-SetPointLight:289]HDSEffectNapi SetPointLight illuminatedTypeValue success 0
01-03 17:18:22.693  7742  7742 W C03926/AceTheme: [(100000:100000:scope)] style 125829872 not contains grid_pattern!
01-03 17:18:22.696  7742  7742 W C03926/AceTheme: [(100000:100000:scope)] style 125829872 not contains scrollable_pattern!
01-03 17:18:22.697  7742  7742 W C03926/AceTheme: [(100000:100000:scope)] style 125829872 not contains hmos_hds_navigation_pattern!
01-03 17:18:22.697  7742  7742 E C01e00/ResourceManager: GetPatternByName error name = ohos_hmos_hds_navigation_pattern
01-03 17:18:22.697  7742  7742 W C03937/AceResource: [(100000:100000:scope)] Get pattern by name error, name=hmos_hds_navigation_pattern
01-03 17:18:22.697  7742  7742 I C03922/AceNavigation: [(100000:100000:scope)] style from Color, color: #FFFFFFFF, flag: true
01-03 17:18:22.697  7742  7742 I C03922/AceNavigation: [(100000:100000:scope)] current system bar style, color: #FF000000, flag: true
01-03 17:18:22.697  7742  7742 I C03922/AceNavigation: [(100000:100000:scope)] style from Color, color: #FFFFFFFF, flag: true
01-03 17:18:22.698  7742  7742 I C03922/AceNavigation: [(100000:100000:scope)] AvoidInfoManager register listener
01-03 17:18:22.700  7742  7742 I C03900/HDS_EFFECT: [hds_effect_napi.cpp-SetPointLight:240]HDSEffectNapi SetPointLightfuc 
01-03 17:18:22.700  7742  7742 I C03900/HDS_EFFECT: [hds_effect_napi.cpp-SetPointLight:268]HDSEffectNapi SetPointLight sourceType 0
01-03 17:18:22.700  7742  7742 I C03900/HDS_EFFECT: [hds_effect_napi.cpp-SetPointLight:277]HDSEffectNapi SetLightSource positionX success 50.00%
01-03 17:18:22.700  7742  7742 I C03900/HDS_EFFECT: [hds_effect_napi.cpp-SetPointLight:278]HDSEffectNapi SetLightSource positionY success 50.00%
01-03 17:18:22.700  7742  7742 I C03900/HDS_EFFECT: [hds_effect_napi.cpp-SetPointLight:279]HDSEffectNapi SetLightSource positionZ success 0.00px
01-03 17:18:22.700  7742  7742 I C03900/HDS_EFFECT: [hds_effect_napi.cpp-SetPointLight:280]HDSEffectNapi SetLightSource intensity success 0.000000
01-03 17:18:22.700  7742  7742 I C03900/HDS_EFFECT: [hds_effect_napi.cpp-SetPointLight:289]HDSEffectNapi SetPointLight illuminatedTypeValue success 0
01-03 17:18:22.701  7742  7742 I C03900/HDS_EFFECT: [hds_effect_napi.cpp-SetPointLight:240]HDSEffectNapi SetPointLightfuc 
01-03 17:18:22.701  7742  7742 I C03900/HDS_EFFECT: [hds_effect_napi.cpp-SetPointLight:268]HDSEffectNapi SetPointLight sourceType 0
01-03 17:18:22.701  7742  7742 I C03900/HDS_EFFECT: [hds_effect_napi.cpp-SetPointLight:277]HDSEffectNapi SetLightSource positionX success 50.00%
01-03 17:18:22.701  7742  7742 I C03900/HDS_EFFECT: [hds_effect_napi.cpp-SetPointLight:278]HDSEffectNapi SetLightSource positionY success 50.00%
01-03 17:18:22.701  7742  7742 I C03900/HDS_EFFECT: [hds_effect_napi.cpp-SetPointLight:279]HDSEffectNapi SetLightSource positionZ success 0.00px
01-03 17:18:22.701  7742  7742 I C03900/HDS_EFFECT: [hds_effect_napi.cpp-SetPointLight:280]HDSEffectNapi SetLightSource intensity success 0.000000
01-03 17:18:22.701  7742  7742 I C03900/HDS_EFFECT: [hds_effect_napi.cpp-SetPointLight:289]HDSEffectNapi SetPointLight illuminatedTypeValue success 0
01-03 17:18:22.703  7742  7742 I C03900/HDS_EFFECT: [hds_effect_napi.cpp-SetPointLight:240]HDSEffectNapi SetPointLightfuc 
01-03 17:18:22.703  7742  7742 I C03900/HDS_EFFECT: [hds_effect_napi.cpp-SetPointLight:268]HDSEffectNapi SetPointLight sourceType 0
01-03 17:18:22.703  7742  7742 I C03900/HDS_EFFECT: [hds_effect_napi.cpp-SetPointLight:277]HDSEffectNapi SetLightSource positionX success 50.00%
01-03 17:18:22.703  7742  7742 I C03900/HDS_EFFECT: [hds_effect_napi.cpp-SetPointLight:278]HDSEffectNapi SetLightSource positionY success 50.00%
01-03 17:18:22.703  7742  7742 I C03900/HDS_EFFECT: [hds_effect_napi.cpp-SetPointLight:279]HDSEffectNapi SetLightSource positionZ success 0.00px
01-03 17:18:22.703  7742  7742 I C03900/HDS_EFFECT: [hds_effect_napi.cpp-SetPointLight:280]HDSEffectNapi SetLightSource intensity success 0.000000
01-03 17:18:22.703  7742  7742 I C03900/HDS_EFFECT: [hds_effect_napi.cpp-SetPointLight:289]HDSEffectNapi SetPointLight illuminatedTypeValue success 0
01-03 17:18:22.704  7742  7742 I C03900/HDS_EFFECT: [hds_effect_napi.cpp-SetPointLight:240]HDSEffectNapi SetPointLightfuc 
01-03 17:18:22.704  7742  7742 I C03900/HDS_EFFECT: [hds_effect_napi.cpp-SetPointLight:268]HDSEffectNapi SetPointLight sourceType 0
01-03 17:18:22.704  7742  7742 I C03900/HDS_EFFECT: [hds_effect_napi.cpp-SetPointLight:277]HDSEffectNapi SetLightSource positionX success 50.00%
01-03 17:18:22.704  7742  7742 I C03900/HDS_EFFECT: [hds_effect_napi.cpp-SetPointLight:278]HDSEffectNapi SetLightSource positionY success 50.00%
01-03 17:18:22.704  7742  7742 I C03900/HDS_EFFECT: [hds_effect_napi.cpp-SetPointLight:279]HDSEffectNapi SetLightSource positionZ success 0.00px
01-03 17:18:22.704  7742  7742 I C03900/HDS_EFFECT: [hds_effect_napi.cpp-SetPointLight:280]HDSEffectNapi SetLightSource intensity success 0.000000
01-03 17:18:22.704  7742  7742 I C03900/HDS_EFFECT: [hds_effect_napi.cpp-SetPointLight:289]HDSEffectNapi SetPointLight illuminatedTypeValue success 0
01-03 17:18:22.705  7742  7742 I C03900/HDS_EFFECT: [hds_effect_napi.cpp-SetPointLight:240]HDSEffectNapi SetPointLightfuc 
01-03 17:18:22.705  7742  7742 I C03900/HDS_EFFECT: [hds_effect_napi.cpp-SetPointLight:268]HDSEffectNapi SetPointLight sourceType 0
01-03 17:18:22.705  7742  7742 I C03900/HDS_EFFECT: [hds_effect_napi.cpp-SetPointLight:277]HDSEffectNapi SetLightSource positionX success 50.00%
01-03 17:18:22.705  7742  7742 I C03900/HDS_EFFECT: [hds_effect_napi.cpp-SetPointLight:278]HDSEffectNapi SetLightSource positionY success 50.00%
01-03 17:18:22.705  7742  7742 I C03900/HDS_EFFECT: [hds_effect_napi.cpp-SetPointLight:279]HDSEffectNapi SetLightSource positionZ success 0.00px
01-03 17:18:22.705  7742  7742 I C03900/HDS_EFFECT: [hds_effect_napi.cpp-SetPointLight:280]HDSEffectNapi SetLightSource intensity success 0.000000
01-03 17:18:22.705  7742  7742 I C03900/HDS_EFFECT: [hds_effect_napi.cpp-SetPointLight:289]HDSEffectNapi SetPointLight illuminatedTypeValue success 0
01-03 17:18:22.706  7742  7742 I C03900/HDS_EFFECT: [hds_effect_napi.cpp-SetPointLight:240]HDSEffectNapi SetPointLightfuc 
01-03 17:18:22.706  7742  7742 I C03900/HDS_EFFECT: [hds_effect_napi.cpp-SetPointLight:268]HDSEffectNapi SetPointLight sourceType 0
01-03 17:18:22.706  7742  7742 I C03900/HDS_EFFECT: [hds_effect_napi.cpp-SetPointLight:277]HDSEffectNapi SetLightSource positionX success 50.00%
01-03 17:18:22.706  7742  7742 I C03900/HDS_EFFECT: [hds_effect_napi.cpp-SetPointLight:278]HDSEffectNapi SetLightSource positionY success 50.00%
01-03 17:18:22.706  7742  7742 I C03900/HDS_EFFECT: [hds_effect_napi.cpp-SetPointLight:279]HDSEffectNapi SetLightSource positionZ success 0.00px
01-03 17:18:22.706  7742  7742 I C03900/HDS_EFFECT: [hds_effect_napi.cpp-SetPointLight:280]HDSEffectNapi SetLightSource intensity success 0.000000
01-03 17:18:22.706  7742  7742 I C03900/HDS_EFFECT: [hds_effect_napi.cpp-SetPointLight:289]HDSEffectNapi SetPointLight illuminatedTypeValue success 0
01-03 17:18:22.707  7742  7742 I C03900/HDS_EFFECT: [hds_effect_napi.cpp-SetPointLight:240]HDSEffectNapi SetPointLightfuc 
01-03 17:18:22.707  7742  7742 I C03900/HDS_EFFECT: [hds_effect_napi.cpp-SetPointLight:268]HDSEffectNapi SetPointLight sourceType 0
01-03 17:18:22.707  7742  7742 I C03900/HDS_EFFECT: [hds_effect_napi.cpp-SetPointLight:277]HDSEffectNapi SetLightSource positionX success 50.00%
01-03 17:18:22.707  7742  7742 I C03900/HDS_EFFECT: [hds_effect_napi.cpp-SetPointLight:278]HDSEffectNapi SetLightSource positionY success 50.00%
01-03 17:18:22.707  7742  7742 I C03900/HDS_EFFECT: [hds_effect_napi.cpp-SetPointLight:279]HDSEffectNapi SetLightSource positionZ success 0.00px
01-03 17:18:22.707  7742  7742 I C03900/HDS_EFFECT: [hds_effect_napi.cpp-SetPointLight:280]HDSEffectNapi SetLightSource intensity success 0.000000
01-03 17:18:22.707  7742  7742 I C03900/HDS_EFFECT: [hds_effect_napi.cpp-SetPointLight:289]HDSEffectNapi SetPointLight illuminatedTypeValue success 0
01-03 17:18:22.708  7742  7742 I C03900/HDS_EFFECT: [hds_effect_napi.cpp-SetPointLight:240]HDSEffectNapi SetPointLightfuc 
01-03 17:18:22.708  7742  7742 I C03900/HDS_EFFECT: [hds_effect_napi.cpp-SetPointLight:268]HDSEffectNapi SetPointLight sourceType 0
01-03 17:18:22.708  7742  7742 I C03900/HDS_EFFECT: [hds_effect_napi.cpp-SetPointLight:277]HDSEffectNapi SetLightSource positionX success 50.00%
01-03 17:18:22.708  7742  7742 I C03900/HDS_EFFECT: [hds_effect_napi.cpp-SetPointLight:278]HDSEffectNapi SetLightSource positionY success 50.00%
01-03 17:18:22.708  7742  7742 I C03900/HDS_EFFECT: [hds_effect_napi.cpp-SetPointLight:279]HDSEffectNapi SetLightSource positionZ success 0.00px
01-03 17:18:22.708  7742  7742 I C03900/HDS_EFFECT: [hds_effect_napi.cpp-SetPointLight:280]HDSEffectNapi SetLightSource intensity success 0.000000
01-03 17:18:22.708  7742  7742 I C03900/HDS_EFFECT: [hds_effect_napi.cpp-SetPointLight:289]HDSEffectNapi SetPointLight illuminatedTypeValue success 0
01-03 17:18:22.709  7742  7742 I C03900/HDS_EFFECT: [hds_effect_napi.cpp-SetPointLight:240]HDSEffectNapi SetPointLightfuc 
01-03 17:18:22.709  7742  7742 I C03900/HDS_EFFECT: [hds_effect_napi.cpp-SetPointLight:268]HDSEffectNapi SetPointLight sourceType 0
01-03 17:18:22.709  7742  7742 I C03900/HDS_EFFECT: [hds_effect_napi.cpp-SetPointLight:277]HDSEffectNapi SetLightSource positionX success 50.00%
01-03 17:18:22.709  7742  7742 I C03900/HDS_EFFECT: [hds_effect_napi.cpp-SetPointLight:278]HDSEffectNapi SetLightSource positionY success 50.00%
01-03 17:18:22.709  7742  7742 I C03900/HDS_EFFECT: [hds_effect_napi.cpp-SetPointLight:279]HDSEffectNapi SetLightSource positionZ success 0.00px
01-03 17:18:22.709  7742  7742 I C03900/HDS_EFFECT: [hds_effect_napi.cpp-SetPointLight:280]HDSEffectNapi SetLightSource intensity success 0.000000
01-03 17:18:22.709  7742  7742 I C03900/HDS_EFFECT: [hds_effect_napi.cpp-SetPointLight:289]HDSEffectNapi SetPointLight illuminatedTypeValue success 0
01-03 17:18:22.710  7742  7742 I C03900/HDS_EFFECT: [hds_effect_napi.cpp-SetPointLight:240]HDSEffectNapi SetPointLightfuc 
01-03 17:18:22.710  7742  7742 I C03900/HDS_EFFECT: [hds_effect_napi.cpp-SetPointLight:268]HDSEffectNapi SetPointLight sourceType 0
01-03 17:18:22.710  7742  7742 I C03900/HDS_EFFECT: [hds_effect_napi.cpp-SetPointLight:277]HDSEffectNapi SetLightSource positionX success 50.00%
01-03 17:18:22.710  7742  7742 I C03900/HDS_EFFECT: [hds_effect_napi.cpp-SetPointLight:278]HDSEffectNapi SetLightSource positionY success 50.00%
01-03 17:18:22.710  7742  7742 I C03900/HDS_EFFECT: [hds_effect_napi.cpp-SetPointLight:279]HDSEffectNapi SetLightSource positionZ success 0.00px
01-03 17:18:22.710  7742  7742 I C03900/HDS_EFFECT: [hds_effect_napi.cpp-SetPointLight:280]HDSEffectNapi SetLightSource intensity success 0.000000
01-03 17:18:22.710  7742  7742 I C03900/HDS_EFFECT: [hds_effect_napi.cpp-SetPointLight:289]HDSEffectNapi SetPointLight illuminatedTypeValue success 0
01-03 17:18:22.711  7742  7742 I C03900/HDS_EFFECT: [hds_effect_napi.cpp-SetPointLight:240]HDSEffectNapi SetPointLightfuc 
01-03 17:18:22.711  7742  7742 I C03900/HDS_EFFECT: [hds_effect_napi.cpp-SetPointLight:268]HDSEffectNapi SetPointLight sourceType 0
01-03 17:18:22.711  7742  7742 I C03900/HDS_EFFECT: [hds_effect_napi.cpp-SetPointLight:277]HDSEffectNapi SetLightSource positionX success 50.00%
01-03 17:18:22.711  7742  7742 I C03900/HDS_EFFECT: [hds_effect_napi.cpp-SetPointLight:278]HDSEffectNapi SetLightSource positionY success 50.00%
01-03 17:18:22.711  7742  7742 I C03900/HDS_EFFECT: [hds_effect_napi.cpp-SetPointLight:279]HDSEffectNapi SetLightSource positionZ success 0.00px
01-03 17:18:22.711  7742  7742 I C03900/HDS_EFFECT: [hds_effect_napi.cpp-SetPointLight:280]HDSEffectNapi SetLightSource intensity success 0.000000
01-03 17:18:22.711  7742  7742 I C03900/HDS_EFFECT: [hds_effect_napi.cpp-SetPointLight:289]HDSEffectNapi SetPointLight illuminatedTypeValue success 0
01-03 17:18:22.718  7742  8125 E C01707/CONCUR: [Interface] task 8125 apply qos failed, errno = 4
01-03 17:18:22.718  7742  8125 I C02b61/ImageCode: ImageSource::UpdateXmageCoordinatesFromExif cost 97 us
01-03 17:18:22.719  7742  7742 I C03922/AceNavigation: [(100000:100000:scope)] Navigation[48] change to FullPage
01-03 17:18:22.719  7742  7742 I C03922/AceNavigation: [(100000:100000:scope)] Clear page-level SystemBar type:2108
01-03 17:18:22.719  7742  7742 I C04209/WMSImms: SetSystemBarPropertyForPage: win 55 property is nullptr use main window prop
01-03 17:18:22.720  7742  7742 I C03922/AceNavigation: [(100000:100000:scope)] Clear page-level SystemBar type:2131
01-03 17:18:22.720  7742  7742 I C04209/WMSImms: SetSystemBarPropertyForPage: win 55 property is nullptr use main window prop
01-03 17:18:22.720  7742  7742 I C04209/WMSImms: SetSystemBarProperties: win 55 set status bar content color 4294967295
01-03 17:18:22.720  7742  7742 I C04209/WMSImms: SetSpecificBarProperty: win [55 voot0] type 2108 1 ffffff ffffffff 0 1
01-03 17:18:22.721  7742  7742 I C03922/AceNavigation: [(100000:100000:scope)] set system bar style, color: #FFFFFFFF, flag: true
01-03 17:18:22.723  7742  7742 I C01406/OHOS::RS: RSCanvasDrawingNode::ResetSurface id:33251636805715 width:2090 height:375
01-03 17:18:22.733  7742  7742 I C03900/Ace: [(100000:100000:scope)] ArkUi flush first frame messages.
01-03 17:18:22.739  7742  7742 E C02d33/HitraceMeter: write trace_marker failed, 9
01-03 17:18:22.740  7742  7742 I C0391c/AceFocus: [(100000:100000:scope)] Request focus on focusView: page/2.
01-03 17:18:22.740  7742  7742 I C0391c/AceFocus: [(100000:100000:scope)] WinFocusMove end, root/secure_field onBlur, Stack/secure_field onFocus, start: 2, end: 1, update: 2
01-03 17:18:22.740  7742  7742 I C03933/AceKeyboard: [(100000:100000:scope)] current focus node: (Stack/6). isDynamic: 0
01-03 17:18:22.740  7742  7742 I C03933/AceKeyboard: [(100000:100000:scope)] Trigger Window Focus Callback
01-03 17:18:22.740  7742  7742 I C03933/AceKeyboard: [(100000:100000:scope)] need keyboard : 0.
01-03 17:18:22.740  7742  7742 I C0420b/WMSKeyboard: id: 55, isNeedKeyboard: 0, keepKeyboardFlag: 0
01-03 17:18:22.740  7742  7742 I C0420b/WMSKeyboard: RequestInputMethodCloseKeyboard: Notify InputMethod framework close keyboard start.
01-03 17:18:22.742  7742  7742 I C03903/AceSubWindow: [(100000:100000:scope)] hide menu ng exit, window not exist
01-03 17:18:22.742  7742  7742 W C02d66/Hiview-PerfMonitor: OnAnimatorStop: Animation has not started, sceneId: APP_TAB_SWITCH
01-03 17:18:22.742  7742  7742 I C04216/WMSPattern: FlushLayoutSize: NotifyFrameLayoutFinishFromApp, id: 55, rect: [0 0 2240 2440], notifyListener: 0
01-03 17:18:22.742  7742  7742 I C02d66/Hiview-PerfMonitor: ProcessJank: JankFrameMonitor::ProcessJank jank >= threshold
01-03 17:18:22.743  7742  7742 I C03922/AceNavigation: [(100000:100000:scope)] sync with js stack, id: , UINodeId: 48, preStackSize: 0, newStackSize: 0
01-03 17:18:22.743  7742  7742 I C03922/AceNavigation: [(100000:100000:scope)] last standard page index is -1
01-03 17:18:22.743  7742  7742 I C03922/AceNavigation: [(100000:100000:scope)] page is not change. don't transition
01-03 17:18:22.744  7742  7742 E C02c03/PARAM_WATCHER: Read result failed, code is: 1.
01-03 17:18:22.744  7742  7742 E C02c03/PARAM_WATCHER: [watcher_manager_kits.cpp:165]Failed to add watcher for persist.rosen.animationtrace.enabled
01-03 17:18:22.744  7742  7742 E C02c03/PARAM_WATCHER: [watcher_manager_kits.cpp:350]SystemWatchParameter is failed! keyPrefix is:persist.rosen.animationtrace.enabled, errNum is:-1
01-03 17:18:22.744  7742  7742 E C02c0b/BEGET: [service_watcher.c:83]WatchParameter failed! the errNum is -1
01-03 17:18:22.744  7742  7742 I C02c03/PARAM_WATCHER: [watcher_manager_kits.cpp:176]Add watcher keyPrefix sys.graphic.openTestModeTrace remoteWatcherId 53 success
01-03 17:18:22.744  7742  7742 I C03900/HDS_EFFECT: [hds_effect_napi.cpp-SetPointLight:240]HDSEffectNapi SetPointLightfuc 
01-03 17:18:22.744  7742  7742 I C03900/HDS_EFFECT: [hds_effect_napi.cpp-SetPointLight:268]HDSEffectNapi SetPointLight sourceType 0
01-03 17:18:22.744  7742  7742 I C03900/HDS_EFFECT: [hds_effect_napi.cpp-SetPointLight:277]HDSEffectNapi SetLightSource positionX success 50.00%
01-03 17:18:22.744  7742  7742 I C03900/HDS_EFFECT: [hds_effect_napi.cpp-SetPointLight:278]HDSEffectNapi SetLightSource positionY success 50.00%
01-03 17:18:22.744  7742  7742 I C03900/HDS_EFFECT: [hds_effect_napi.cpp-SetPointLight:279]HDSEffectNapi SetLightSource positionZ success 0.00px
01-03 17:18:22.744  7742  7742 I C03900/HDS_EFFECT: [hds_effect_napi.cpp-SetPointLight:280]HDSEffectNapi SetLightSource intensity success 0.000000
01-03 17:18:22.744  7742  7742 I C03900/HDS_EFFECT: [hds_effect_napi.cpp-SetPointLight:289]HDSEffectNapi SetPointLight illuminatedTypeValue success 0
01-03 17:18:22.747  7742  7742 I C03900/HDS_EFFECT: [hds_effect_napi.cpp-SetPointLight:240]HDSEffectNapi SetPointLightfuc 
01-03 17:18:22.747  7742  7742 I C03900/HDS_EFFECT: [hds_effect_napi.cpp-SetPointLight:268]HDSEffectNapi SetPointLight sourceType 0
01-03 17:18:22.747  7742  7742 I C03900/HDS_EFFECT: [hds_effect_napi.cpp-SetPointLight:277]HDSEffectNapi SetLightSource positionX success 50.00%
01-03 17:18:22.747  7742  7742 I C03900/HDS_EFFECT: [hds_effect_napi.cpp-SetPointLight:278]HDSEffectNapi SetLightSource positionY success 50.00%
01-03 17:18:22.747  7742  7742 I C03900/HDS_EFFECT: [hds_effect_napi.cpp-SetPointLight:279]HDSEffectNapi SetLightSource positionZ success 0.00px
01-03 17:18:22.747  7742  7742 I C03900/HDS_EFFECT: [hds_effect_napi.cpp-SetPointLight:280]HDSEffectNapi SetLightSource intensity success 0.000000
01-03 17:18:22.747  7742  7742 I C03900/HDS_EFFECT: [hds_effect_napi.cpp-SetPointLight:289]HDSEffectNapi SetPointLight illuminatedTypeValue success 0
01-03 17:18:22.748  7742  7742 I A03d00/JSAPP: [EntryAbility] Operation startBackgroundRunning succeeded
01-03 17:18:22.748  7742  7742 I A03d00/JSAPP: [MicPermission] Microphone permission granted via dialog.
01-03 17:18:22.749  7742  7742 I A03d00/JSAPP: [VerificationCheck] isVerified: true
01-03 17:18:22.749  7742  7742 I A03d00/JSAPP: [VerificationCheck] Already verified, skipping check
01-03 17:18:22.750  7742  8125 I C02b61/ImageSource: CreatePixelMap success, id:1767431902714271,dSize:0,0,sSize:1024,1536,dHdr:1,sHdr:1,memType:2,cost 35940 us
01-03 17:18:22.750  7742  8125 E C02b61/PixelMap: set ashmem name failed
01-03 17:18:22.753  7742  8051 I C02d06/XCollie: Start to open trace result: 0, interval: 73 ms
01-03 17:18:22.756  7742  7742 E C02b61/PixelMap: set ashmem name failed
01-03 17:18:22.756  7742  7742 I A03d00/JSAPP: [TokenUsageStorage] updateAllForms: no formIds stored
01-03 17:18:22.759  7742  8073 I C01650/Rdb: Config[Log]: Error(283) recovered 6 frames from WAL file /dat***/sto***/e**/database/ent***/r**/voo***ory.db-wal 
01-03 17:18:22.760  7742  8073 I C01650/Rdb: ConnectionPool[Create]: code:0 app[com.zixiao.voot:entry] area[el2] cfg[0,0,0,2,1,0,0]voo***.db:<DB,0x40ef1,4096,100660><DWR,0x40ef3,12288,100660><SHM,0x40f03,32768,100660><WAL,0x40ef4,24752,100660>
01-03 17:18:22.760  7742  7742 W C03913/AceText: [(100000:100000:scope)] destroy TxtParagraph with placeholderCnt_ 0, textAlign_ 0, count 0
01-03 17:18:22.769  7742  8072 I C01650/Rdb: RdbStoreImpl[HandleSchemaDDL]: db:voo***.db exe DDL schema<0->3>
01-03 17:18:22.770  7742  8071 E C01650/Rdb: Config[Log]: Error(1) errno is:9 duplicate column name: isS***red in "ALTER TABLE ses*** ADD COLUMN isS***red INTEGER DEFAULT 0".
01-03 17:18:22.771  7742  8071 E C01650/Rdb: SqliteStatement[PrintInfoForDbError]: DbError errCode:27394103 errno:9 DbName: voo***.db 
01-03 17:18:22.771  7742  8070 E C01650/Rdb: Config[Log]: Error(1) errno is:2 duplicate column name: type in "ALTER TABLE ses*** ADD COLUMN type TEXT DEFAULT "tra***ion"".
01-03 17:18:22.771  7742  8070 E C01650/Rdb: SqliteStatement[PrintInfoForDbError]: DbError errCode:27394103 errno:2 DbName: voo***.db 
01-03 17:18:22.792  7742  7742 I C03900/HDS_EFFECT: [hds_effect_napi.cpp-SetPointLight:240]HDSEffectNapi SetPointLightfuc 
01-03 17:18:22.792  7742  7742 I C03900/HDS_EFFECT: [hds_effect_napi.cpp-SetPointLight:268]HDSEffectNapi SetPointLight sourceType 0
01-03 17:18:22.792  7742  7742 I C03900/HDS_EFFECT: [hds_effect_napi.cpp-SetPointLight:277]HDSEffectNapi SetLightSource positionX success 50.00%
01-03 17:18:22.792  7742  7742 I C03900/HDS_EFFECT: [hds_effect_napi.cpp-SetPointLight:278]HDSEffectNapi SetLightSource positionY success 50.00%
01-03 17:18:22.792  7742  7742 I C03900/HDS_EFFECT: [hds_effect_napi.cpp-SetPointLight:279]HDSEffectNapi SetLightSource positionZ success 0.00px
01-03 17:18:22.792  7742  7742 I C03900/HDS_EFFECT: [hds_effect_napi.cpp-SetPointLight:280]HDSEffectNapi SetLightSource intensity success 0.000000
01-03 17:18:22.792  7742  7742 I C03900/HDS_EFFECT: [hds_effect_napi.cpp-SetPointLight:289]HDSEffectNapi SetPointLight illuminatedTypeValue success 0
01-03 17:18:22.844  7742  7742 I C03900/HDS_EFFECT: [hds_effect_napi.cpp-SetPointLight:240]HDSEffectNapi SetPointLightfuc 
01-03 17:18:22.844  7742  7742 I C03900/HDS_EFFECT: [hds_effect_napi.cpp-SetPointLight:268]HDSEffectNapi SetPointLight sourceType 0
01-03 17:18:22.844  7742  7742 I C03900/HDS_EFFECT: [hds_effect_napi.cpp-SetPointLight:277]HDSEffectNapi SetLightSource positionX success 50.00%
01-03 17:18:22.844  7742  7742 I C03900/HDS_EFFECT: [hds_effect_napi.cpp-SetPointLight:278]HDSEffectNapi SetLightSource positionY success 50.00%
01-03 17:18:22.844  7742  7742 I C03900/HDS_EFFECT: [hds_effect_napi.cpp-SetPointLight:279]HDSEffectNapi SetLightSource positionZ success 0.00px
01-03 17:18:22.844  7742  7742 I C03900/HDS_EFFECT: [hds_effect_napi.cpp-SetPointLight:280]HDSEffectNapi SetLightSource intensity success 0.000000
01-03 17:18:22.844  7742  7742 I C03900/HDS_EFFECT: [hds_effect_napi.cpp-SetPointLight:289]HDSEffectNapi SetPointLight illuminatedTypeValue success 0
01-03 17:18:22.892  7742  7742 I C03900/HDS_EFFECT: [hds_effect_napi.cpp-SetPointLight:240]HDSEffectNapi SetPointLightfuc 
01-03 17:18:22.892  7742  7742 I C03900/HDS_EFFECT: [hds_effect_napi.cpp-SetPointLight:268]HDSEffectNapi SetPointLight sourceType 0
01-03 17:18:22.892  7742  7742 I C03900/HDS_EFFECT: [hds_effect_napi.cpp-SetPointLight:277]HDSEffectNapi SetLightSource positionX success 50.00%
01-03 17:18:22.892  7742  7742 I C03900/HDS_EFFECT: [hds_effect_napi.cpp-SetPointLight:278]HDSEffectNapi SetLightSource positionY success 50.00%
01-03 17:18:22.892  7742  7742 I C03900/HDS_EFFECT: [hds_effect_napi.cpp-SetPointLight:279]HDSEffectNapi SetLightSource positionZ success 0.00px
01-03 17:18:22.892  7742  7742 I C03900/HDS_EFFECT: [hds_effect_napi.cpp-SetPointLight:280]HDSEffectNapi SetLightSource intensity success 0.000000
01-03 17:18:22.892  7742  7742 I C03900/HDS_EFFECT: [hds_effect_napi.cpp-SetPointLight:289]HDSEffectNapi SetPointLight illuminatedTypeValue success 0
01-03 17:18:22.943  7742  7742 I C03900/HDS_EFFECT: [hds_effect_napi.cpp-SetPointLight:240]HDSEffectNapi SetPointLightfuc 
01-03 17:18:22.943  7742  7742 I C03900/HDS_EFFECT: [hds_effect_napi.cpp-SetPointLight:268]HDSEffectNapi SetPointLight sourceType 0
01-03 17:18:22.943  7742  7742 I C03900/HDS_EFFECT: [hds_effect_napi.cpp-SetPointLight:277]HDSEffectNapi SetLightSource positionX success 50.00%
01-03 17:18:22.943  7742  7742 I C03900/HDS_EFFECT: [hds_effect_napi.cpp-SetPointLight:278]HDSEffectNapi SetLightSource positionY success 50.00%
01-03 17:18:22.943  7742  7742 I C03900/HDS_EFFECT: [hds_effect_napi.cpp-SetPointLight:279]HDSEffectNapi SetLightSource positionZ success 0.00px
01-03 17:18:22.943  7742  7742 I C03900/HDS_EFFECT: [hds_effect_napi.cpp-SetPointLight:280]HDSEffectNapi SetLightSource intensity success 0.000000
01-03 17:18:22.943  7742  7742 I C03900/HDS_EFFECT: [hds_effect_napi.cpp-SetPointLight:289]HDSEffectNapi SetPointLight illuminatedTypeValue success 0
01-03 17:18:22.991  7742  7742 I C03900/HDS_EFFECT: [hds_effect_napi.cpp-SetPointLight:240]HDSEffectNapi SetPointLightfuc 
01-03 17:18:22.991  7742  7742 I C03900/HDS_EFFECT: [hds_effect_napi.cpp-SetPointLight:268]HDSEffectNapi SetPointLight sourceType 0
01-03 17:18:22.991  7742  7742 I C03900/HDS_EFFECT: [hds_effect_napi.cpp-SetPointLight:277]HDSEffectNapi SetLightSource positionX success 50.00%
01-03 17:18:22.991  7742  7742 I C03900/HDS_EFFECT: [hds_effect_napi.cpp-SetPointLight:278]HDSEffectNapi SetLightSource positionY success 50.00%
01-03 17:18:22.991  7742  7742 I C03900/HDS_EFFECT: [hds_effect_napi.cpp-SetPointLight:279]HDSEffectNapi SetLightSource positionZ success 0.00px
01-03 17:18:22.991  7742  7742 I C03900/HDS_EFFECT: [hds_effect_napi.cpp-SetPointLight:280]HDSEffectNapi SetLightSource intensity success 0.000000
01-03 17:18:22.991  7742  7742 I C03900/HDS_EFFECT: [hds_effect_napi.cpp-SetPointLight:289]HDSEffectNapi SetPointLight illuminatedTypeValue success 0
01-03 17:18:23.043  7742  7742 I C03900/HDS_EFFECT: [hds_effect_napi.cpp-SetPointLight:240]HDSEffectNapi SetPointLightfuc 
01-03 17:18:23.043  7742  7742 I C03900/HDS_EFFECT: [hds_effect_napi.cpp-SetPointLight:268]HDSEffectNapi SetPointLight sourceType 0
01-03 17:18:23.043  7742  7742 I C03900/HDS_EFFECT: [hds_effect_napi.cpp-SetPointLight:277]HDSEffectNapi SetLightSource positionX success 50.00%
01-03 17:18:23.043  7742  7742 I C03900/HDS_EFFECT: [hds_effect_napi.cpp-SetPointLight:278]HDSEffectNapi SetLightSource positionY success 50.00%
01-03 17:18:23.043  7742  7742 I C03900/HDS_EFFECT: [hds_effect_napi.cpp-SetPointLight:279]HDSEffectNapi SetLightSource positionZ success 0.00px
01-03 17:18:23.043  7742  7742 I C03900/HDS_EFFECT: [hds_effect_napi.cpp-SetPointLight:280]HDSEffectNapi SetLightSource intensity success 0.000000
01-03 17:18:23.043  7742  7742 I C03900/HDS_EFFECT: [hds_effect_napi.cpp-SetPointLight:289]HDSEffectNapi SetPointLight illuminatedTypeValue success 0
01-03 17:18:23.091  7742  7742 I C03900/HDS_EFFECT: [hds_effect_napi.cpp-SetPointLight:240]HDSEffectNapi SetPointLightfuc 
01-03 17:18:23.091  7742  7742 I C03900/HDS_EFFECT: [hds_effect_napi.cpp-SetPointLight:268]HDSEffectNapi SetPointLight sourceType 0
01-03 17:18:23.091  7742  7742 I C03900/HDS_EFFECT: [hds_effect_napi.cpp-SetPointLight:277]HDSEffectNapi SetLightSource positionX success 50.00%
01-03 17:18:23.091  7742  7742 I C03900/HDS_EFFECT: [hds_effect_napi.cpp-SetPointLight:278]HDSEffectNapi SetLightSource positionY success 50.00%
01-03 17:18:23.091  7742  7742 I C03900/HDS_EFFECT: [hds_effect_napi.cpp-SetPointLight:279]HDSEffectNapi SetLightSource positionZ success 0.00px
01-03 17:18:23.091  7742  7742 I C03900/HDS_EFFECT: [hds_effect_napi.cpp-SetPointLight:280]HDSEffectNapi SetLightSource intensity success 0.000000
01-03 17:18:23.091  7742  7742 I C03900/HDS_EFFECT: [hds_effect_napi.cpp-SetPointLight:289]HDSEffectNapi SetPointLight illuminatedTypeValue success 0
01-03 17:18:23.142  7742  7742 I C03900/HDS_EFFECT: [hds_effect_napi.cpp-SetPointLight:240]HDSEffectNapi SetPointLightfuc 
01-03 17:18:23.142  7742  7742 I C03900/HDS_EFFECT: [hds_effect_napi.cpp-SetPointLight:268]HDSEffectNapi SetPointLight sourceType 0
01-03 17:18:23.142  7742  7742 I C03900/HDS_EFFECT: [hds_effect_napi.cpp-SetPointLight:277]HDSEffectNapi SetLightSource positionX success 50.00%
01-03 17:18:23.142  7742  7742 I C03900/HDS_EFFECT: [hds_effect_napi.cpp-SetPointLight:278]HDSEffectNapi SetLightSource positionY success 50.00%
01-03 17:18:23.142  7742  7742 I C03900/HDS_EFFECT: [hds_effect_napi.cpp-SetPointLight:279]HDSEffectNapi SetLightSource positionZ success 0.00px
01-03 17:18:23.142  7742  7742 I C03900/HDS_EFFECT: [hds_effect_napi.cpp-SetPointLight:280]HDSEffectNapi SetLightSource intensity success 0.000000
01-03 17:18:23.142  7742  7742 I C03900/HDS_EFFECT: [hds_effect_napi.cpp-SetPointLight:289]HDSEffectNapi SetPointLight illuminatedTypeValue success 0
01-03 17:18:23.168  7742  7742 I A03d00/JSAPP: [Index] Component ready, widget triggers enabled
01-03 17:18:23.192  7742  7742 I C03900/HDS_EFFECT: [hds_effect_napi.cpp-SetPointLight:240]HDSEffectNapi SetPointLightfuc 
01-03 17:18:23.192  7742  7742 I C03900/HDS_EFFECT: [hds_effect_napi.cpp-SetPointLight:268]HDSEffectNapi SetPointLight sourceType 0
01-03 17:18:23.192  7742  7742 I C03900/HDS_EFFECT: [hds_effect_napi.cpp-SetPointLight:277]HDSEffectNapi SetLightSource positionX success 50.00%
01-03 17:18:23.192  7742  7742 I C03900/HDS_EFFECT: [hds_effect_napi.cpp-SetPointLight:278]HDSEffectNapi SetLightSource positionY success 50.00%
01-03 17:18:23.192  7742  7742 I C03900/HDS_EFFECT: [hds_effect_napi.cpp-SetPointLight:279]HDSEffectNapi SetLightSource positionZ success 0.00px
01-03 17:18:23.192  7742  7742 I C03900/HDS_EFFECT: [hds_effect_napi.cpp-SetPointLight:280]HDSEffectNapi SetLightSource intensity success 0.000000
01-03 17:18:23.192  7742  7742 I C03900/HDS_EFFECT: [hds_effect_napi.cpp-SetPointLight:289]HDSEffectNapi SetPointLight illuminatedTypeValue success 0
01-03 17:18:23.220  7742  7742 I C02805/InputKeyFlow: [][OnPointerEvent:242] ac: down: 372
01-03 17:18:23.220  7742  7742 I C02805/InputKeyFlow: [P:D:372][OnPointerEvent:645] recv
01-03 17:18:23.220  7742  7742 I C04213/InputKeyFlow: HandleInputEvent: eid:0,InputId:372,wid:55,ac:2
01-03 17:18:23.221  7742  7742 I C03951/InputKeyFlow: [(100000:100000:scope)] ITK Id:372, fId:0, T:0, I=0, M=0
01-03 17:18:23.221  7742  7742 I C03951/InputKeyFlow: [(100000:100000:scope)] ITK Id:372, TTHNI:fId: 0{ T: Stack, D: 5 };{ T: Column, D: 9 };
01-03 17:18:23.221  7742  7742 I C03951/InputKeyFlow: [(100000:100000:scope)] ITK Id:372, TTHRTI: T ClickRecognizer info: { T: Column };T PanRecognizer info: { T: Stack };
01-03 17:18:23.222  7742  7742 I C03919/AceInputTracking: [(100000:100000:scope)] Consumed id:372, last id:-1
